Archive member included to satisfy reference by file (symbol)

c:/ac6/systemworkbench/plugins/fr.ac6.mcu.externaltools.arm-none.win32_1.13.3.201707031232/tools/compiler/bin/../lib/gcc/arm-none-eabi/5.4.1/../../../../arm-none-eabi/lib/armv7e-m/fpu\libm.a(lib_a-s_cos.o)
                              Src/speedcalc.o (cos)
c:/ac6/systemworkbench/plugins/fr.ac6.mcu.externaltools.arm-none.win32_1.13.3.201707031232/tools/compiler/bin/../lib/gcc/arm-none-eabi/5.4.1/../../../../arm-none-eabi/lib/armv7e-m/fpu\libm.a(lib_a-s_sin.o)
                              Src/speedcalc.o (sin)
c:/ac6/systemworkbench/plugins/fr.ac6.mcu.externaltools.arm-none.win32_1.13.3.201707031232/tools/compiler/bin/../lib/gcc/arm-none-eabi/5.4.1/../../../../arm-none-eabi/lib/armv7e-m/fpu\libm.a(lib_a-e_rem_pio2.o)
                              c:/ac6/systemworkbench/plugins/fr.ac6.mcu.externaltools.arm-none.win32_1.13.3.201707031232/tools/compiler/bin/../lib/gcc/arm-none-eabi/5.4.1/../../../../arm-none-eabi/lib/armv7e-m/fpu\libm.a(lib_a-s_cos.o) (__ieee754_rem_pio2)
c:/ac6/systemworkbench/plugins/fr.ac6.mcu.externaltools.arm-none.win32_1.13.3.201707031232/tools/compiler/bin/../lib/gcc/arm-none-eabi/5.4.1/../../../../arm-none-eabi/lib/armv7e-m/fpu\libm.a(lib_a-k_cos.o)
                              c:/ac6/systemworkbench/plugins/fr.ac6.mcu.externaltools.arm-none.win32_1.13.3.201707031232/tools/compiler/bin/../lib/gcc/arm-none-eabi/5.4.1/../../../../arm-none-eabi/lib/armv7e-m/fpu\libm.a(lib_a-s_cos.o) (__kernel_cos)
c:/ac6/systemworkbench/plugins/fr.ac6.mcu.externaltools.arm-none.win32_1.13.3.201707031232/tools/compiler/bin/../lib/gcc/arm-none-eabi/5.4.1/../../../../arm-none-eabi/lib/armv7e-m/fpu\libm.a(lib_a-k_rem_pio2.o)
                              c:/ac6/systemworkbench/plugins/fr.ac6.mcu.externaltools.arm-none.win32_1.13.3.201707031232/tools/compiler/bin/../lib/gcc/arm-none-eabi/5.4.1/../../../../arm-none-eabi/lib/armv7e-m/fpu\libm.a(lib_a-e_rem_pio2.o) (__kernel_rem_pio2)
c:/ac6/systemworkbench/plugins/fr.ac6.mcu.externaltools.arm-none.win32_1.13.3.201707031232/tools/compiler/bin/../lib/gcc/arm-none-eabi/5.4.1/../../../../arm-none-eabi/lib/armv7e-m/fpu\libm.a(lib_a-k_sin.o)
                              c:/ac6/systemworkbench/plugins/fr.ac6.mcu.externaltools.arm-none.win32_1.13.3.201707031232/tools/compiler/bin/../lib/gcc/arm-none-eabi/5.4.1/../../../../arm-none-eabi/lib/armv7e-m/fpu\libm.a(lib_a-s_cos.o) (__kernel_sin)
c:/ac6/systemworkbench/plugins/fr.ac6.mcu.externaltools.arm-none.win32_1.13.3.201707031232/tools/compiler/bin/../lib/gcc/arm-none-eabi/5.4.1/../../../../arm-none-eabi/lib/armv7e-m/fpu\libm.a(lib_a-s_fabs.o)
                              c:/ac6/systemworkbench/plugins/fr.ac6.mcu.externaltools.arm-none.win32_1.13.3.201707031232/tools/compiler/bin/../lib/gcc/arm-none-eabi/5.4.1/../../../../arm-none-eabi/lib/armv7e-m/fpu\libm.a(lib_a-e_rem_pio2.o) (fabs)
c:/ac6/systemworkbench/plugins/fr.ac6.mcu.externaltools.arm-none.win32_1.13.3.201707031232/tools/compiler/bin/../lib/gcc/arm-none-eabi/5.4.1/../../../../arm-none-eabi/lib/armv7e-m/fpu\libm.a(lib_a-s_floor.o)
                              c:/ac6/systemworkbench/plugins/fr.ac6.mcu.externaltools.arm-none.win32_1.13.3.201707031232/tools/compiler/bin/../lib/gcc/arm-none-eabi/5.4.1/../../../../arm-none-eabi/lib/armv7e-m/fpu\libm.a(lib_a-k_rem_pio2.o) (floor)
c:/ac6/systemworkbench/plugins/fr.ac6.mcu.externaltools.arm-none.win32_1.13.3.201707031232/tools/compiler/bin/../lib/gcc/arm-none-eabi/5.4.1/../../../../arm-none-eabi/lib/armv7e-m/fpu\libm.a(lib_a-s_scalbn.o)
                              c:/ac6/systemworkbench/plugins/fr.ac6.mcu.externaltools.arm-none.win32_1.13.3.201707031232/tools/compiler/bin/../lib/gcc/arm-none-eabi/5.4.1/../../../../arm-none-eabi/lib/armv7e-m/fpu\libm.a(lib_a-k_rem_pio2.o) (scalbn)
c:/ac6/systemworkbench/plugins/fr.ac6.mcu.externaltools.arm-none.win32_1.13.3.201707031232/tools/compiler/bin/../lib/gcc/arm-none-eabi/5.4.1/../../../../arm-none-eabi/lib/armv7e-m/fpu\libm.a(lib_a-s_copysign.o)
                              c:/ac6/systemworkbench/plugins/fr.ac6.mcu.externaltools.arm-none.win32_1.13.3.201707031232/tools/compiler/bin/../lib/gcc/arm-none-eabi/5.4.1/../../../../arm-none-eabi/lib/armv7e-m/fpu\libm.a(lib_a-s_scalbn.o) (copysign)
c:/ac6/systemworkbench/plugins/fr.ac6.mcu.externaltools.arm-none.win32_1.13.3.201707031232/tools/compiler/bin/../lib/gcc/arm-none-eabi/5.4.1/armv7e-m/fpu\libgcc.a(_arm_addsubdf3.o)
                              c:/ac6/systemworkbench/plugins/fr.ac6.mcu.externaltools.arm-none.win32_1.13.3.201707031232/tools/compiler/bin/../lib/gcc/arm-none-eabi/5.4.1/../../../../arm-none-eabi/lib/armv7e-m/fpu\libm.a(lib_a-s_cos.o) (__aeabi_dsub)
c:/ac6/systemworkbench/plugins/fr.ac6.mcu.externaltools.arm-none.win32_1.13.3.201707031232/tools/compiler/bin/../lib/gcc/arm-none-eabi/5.4.1/armv7e-m/fpu\libgcc.a(_arm_muldivdf3.o)
                              Src/speedcalc.o (__aeabi_dmul)
[...]
Memory Configuration

Name             Origin             Length             Attributes
RAM              0x20000000         0x00004000         xrw
FLASH            0x08000000         0x00010000         xr
*default*        0x00000000         0xffffffff

Linker script and memory map

LOAD c:/ac6/systemworkbench/plugins/fr.ac6.mcu.externaltools.arm-none.win32_1.13.3.201707031232/tools/compiler/bin/../lib/gcc/arm-none-eabi/5.4.1/armv7e-m/fpu/crti.o
LOAD c:/ac6/systemworkbench/plugins/fr.ac6.mcu.externaltools.arm-none.win32_1.13.3.201707031232/tools/compiler/bin/../lib/gcc/arm-none-eabi/5.4.1/armv7e-m/fpu/crtbegin.o
LOAD c:/ac6/systemworkbench/plugins/fr.ac6.mcu.externaltools.arm-none.win32_1.13.3.201707031232/tools/compiler/bin/../lib/gcc/arm-none-eabi/5.4.1/../../../../arm-none-eabi/lib/armv7e-m/fpu/crt0.o
LOAD Drivers/STM32F3xx_HAL_Driver/Src/stm32f3xx_hal.o
LOAD Drivers/STM32F3xx_HAL_Driver/Src/stm32f3xx_hal_cortex.o
LOAD Drivers/STM32F3xx_HAL_Driver/Src/stm32f3xx_hal_dma.o
LOAD Drivers/STM32F3xx_HAL_Driver/Src/stm32f3xx_hal_flash.o
LOAD Drivers/STM32F3xx_HAL_Driver/Src/stm32f3xx_hal_flash_ex.o
LOAD Drivers/STM32F3xx_HAL_Driver/Src/stm32f3xx_hal_gpio.o
LOAD Drivers/STM32F3xx_HAL_Driver/Src/stm32f3xx_hal_i2c.o
LOAD Drivers/STM32F3xx_HAL_Driver/Src/stm32f3xx_hal_i2c_ex.o
LOAD Drivers/STM32F3xx_HAL_Driver/Src/stm32f3xx_hal_pwr.o
LOAD Drivers/STM32F3xx_HAL_Driver/Src/stm32f3xx_hal_pwr_ex.o
LOAD Drivers/STM32F3xx_HAL_Driver/Src/stm32f3xx_hal_rcc.o
LOAD Drivers/STM32F3xx_HAL_Driver/Src/stm32f3xx_hal_rcc_ex.o
LOAD Drivers/STM32F3xx_HAL_Driver/Src/stm32f3xx_hal_spi.o
LOAD Drivers/STM32F3xx_HAL_Driver/Src/stm32f3xx_hal_spi_ex.o
LOAD Drivers/STM32F3xx_HAL_Driver/Src/stm32f3xx_hal_tim.o
LOAD Drivers/STM32F3xx_HAL_Driver/Src/stm32f3xx_hal_tim_ex.o
LOAD Drivers/STM32F3xx_HAL_Driver/Src/stm32f3xx_hal_uart.o
LOAD Drivers/STM32F3xx_HAL_Driver/Src/stm32f3xx_hal_uart_ex.o
LOAD Src/MTiControl.o
LOAD Src/PuttyInterface.o
LOAD Src/commsfpga.o
LOAD Src/gpio.o
LOAD Src/i2c.o
LOAD Src/main.o
LOAD Src/myNRF24.o
LOAD Src/speedcalc.o
LOAD Src/spi.o
LOAD Src/stm32f3xx_hal_msp.o
LOAD Src/stm32f3xx_it.o
LOAD Src/system_stm32f3xx.o
LOAD Src/tim.o
LOAD Src/usart.o
LOAD startup/startup_stm32f301x8.o
LOAD c:/ac6/systemworkbench/plugins/fr.ac6.mcu.externaltools.arm-none.win32_1.13.3.201707031232/tools/compiler/bin/../lib/gcc/arm-none-eabi/5.4.1/../../../../arm-none-eabi/lib/armv7e-m/fpu\libm.a
START GROUP
LOAD c:/ac6/systemworkbench/plugins/fr.ac6.mcu.externaltools.arm-none.win32_1.13.3.201707031232/tools/compiler/bin/../lib/gcc/arm-none-eabi/5.4.1/armv7e-m/fpu\libgcc.a
LOAD c:/ac6/systemworkbench/plugins/fr.ac6.mcu.externaltools.arm-none.win32_1.13.3.201707031232/tools/compiler/bin/../lib/gcc/arm-none-eabi/5.4.1/../../../../arm-none-eabi/lib/armv7e-m/fpu\libc_nano.a
END GROUP
START GROUP
LOAD c:/ac6/systemworkbench/plugins/fr.ac6.mcu.externaltools.arm-none.win32_1.13.3.201707031232/tools/compiler/bin/../lib/gcc/arm-none-eabi/5.4.1/armv7e-m/fpu\libgcc.a
LOAD c:/ac6/systemworkbench/plugins/fr.ac6.mcu.externaltools.arm-none.win32_1.13.3.201707031232/tools/compiler/bin/../lib/gcc/arm-none-eabi/5.4.1/../../../../arm-none-eabi/lib/armv7e-m/fpu\libc_nano.a
LOAD c:/ac6/systemworkbench/plugins/fr.ac6.mcu.externaltools.arm-none.win32_1.13.3.201707031232/tools/compiler/bin/../lib/gcc/arm-none-eabi/5.4.1/../../../../arm-none-eabi/lib/armv7e-m/fpu\libnosys.a
END GROUP
START GROUP
LOAD c:/ac6/systemworkbench/plugins/fr.ac6.mcu.externaltools.arm-none.win32_1.13.3.201707031232/tools/compiler/bin/../lib/gcc/arm-none-eabi/5.4.1/armv7e-m/fpu\libgcc.a
LOAD c:/ac6/systemworkbench/plugins/fr.ac6.mcu.externaltools.arm-none.win32_1.13.3.201707031232/tools/compiler/bin/../lib/gcc/arm-none-eabi/5.4.1/../../../../arm-none-eabi/lib/armv7e-m/fpu\libc_nano.a
LOAD c:/ac6/systemworkbench/plugins/fr.ac6.mcu.externaltools.arm-none.win32_1.13.3.201707031232/tools/compiler/bin/../lib/gcc/arm-none-eabi/5.4.1/../../../../arm-none-eabi/lib/armv7e-m/fpu\libnosys.a
END GROUP
LOAD c:/ac6/systemworkbench/plugins/fr.ac6.mcu.externaltools.arm-none.win32_1.13.3.201707031232/tools/compiler/bin/../lib/gcc/arm-none-eabi/5.4.1/armv7e-m/fpu/crtend.o
LOAD c:/ac6/systemworkbench/plugins/fr.ac6.mcu.externaltools.arm-none.win32_1.13.3.201707031232/tools/compiler/bin/../lib/gcc/arm-none-eabi/5.4.1/armv7e-m/fpu/crtn.o
                0x20004000                _estack = 0x20004000
                0x00000200                _Min_Heap_Size = 0x200
                0x00000400                _Min_Stack_Size = 0x400

.isr_vector     0x08000000      0x188
                0x08000000                . = ALIGN (0x4)
 *(.isr_vector)
 .isr_vector    0x08000000      0x188 startup/startup_stm32f301x8.o
                0x08000000                g_pfnVectors
                0x08000188                . = ALIGN (0x4)

.text           0x08000188     0x5de4
                0x08000188                . = ALIGN (0x4)
 *(.text)
 .text          0x08000188       0x5c c:/ac6/systemworkbench/plugins/fr.ac6.mcu.externaltools.arm-none.win32_1.13.3.201707031232/tools/compiler/bin/../lib/gcc/arm-none-eabi/5.4.1/armv7e-m/fpu/crtbegin.o
 .text          0x080001e4      0x370 c:/ac6/systemworkbench/plugins/fr.ac6.mcu.externaltools.arm-none.win32_1.13.3.201707031232/tools/compiler/bin/../lib/gcc/arm-none-eabi/5.4.1/armv7e-m/fpu\libgcc.a(_arm_addsubdf3.o)
                0x080001e4                __aeabi_drsub
                0x080001ec                __aeabi_dsub
                0x080001ec                __subdf3
                0x080001f0                __aeabi_dadd
                0x080001f0                __adddf3
                0x08000468                __floatunsidf
                0x08000468                __aeabi_ui2d
                0x08000488                __floatsidf
                0x08000488                __aeabi_i2d
                0x080004ac                __aeabi_f2d
                0x080004ac                __extendsfdf2
                0x080004e8                __floatundidf
                0x080004e8                __aeabi_ul2d
                0x080004f8                __floatdidf
                0x080004f8                __aeabi_l2d
 .text          0x08000554      0x424 c:/ac6/systemworkbench/plugins/fr.ac6.mcu.externaltools.arm-none.win32_1.13.3.201707031232/tools/compiler/bin/../lib/gcc/arm-none-eabi/5.4.1/armv7e-m/fpu\libgcc.a(_arm_muldivdf3.o)
                0x08000554                __aeabi_dmul
                0x08000554                __muldf3
                0x080007a8                __divdf3
                0x080007a8                __aeabi_ddiv
 .text          0x08000978      0x110 c:/ac6/systemworkbench/plugins/fr.ac6.mcu.externaltools.arm-none.win32_1.13.3.201707031232/tools/compiler/bin/../lib/gcc/arm-none-eabi/5.4.1/armv7e-m/fpu\libgcc.a(_arm_cmpdf2.o)
                0x08000978                __gtdf2
                0x08000978                __gedf2
                0x08000980                __ltdf2
                0x08000980                __ledf2
                0x08000988                __nedf2
                0x08000988                __eqdf2
                0x08000988                __cmpdf2
                0x08000a04                __aeabi_cdrcmple
                0x08000a14                __aeabi_cdcmpeq
                0x08000a14                __aeabi_cdcmple
                0x08000a24                __aeabi_dcmpeq
                0x08000a38                __aeabi_dcmplt
                0x08000a4c                __aeabi_dcmple
                0x08000a60                __aeabi_dcmpge
                0x08000a74                __aeabi_dcmpgt
 .text          0x08000a88       0x50 c:/ac6/systemworkbench/plugins/fr.ac6.mcu.externaltools.arm-none.win32_1.13.3.201707031232/tools/compiler/bin/../lib/gcc/arm-none-eabi/5.4.1/armv7e-m/fpu\libgcc.a(_arm_fixdfsi.o)
                0x08000a88                __aeabi_d2iz
                0x08000a88                __fixdfsi
 .text          0x08000ad8       0xa0 c:/ac6/systemworkbench/plugins/fr.ac6.mcu.externaltools.arm-none.win32_1.13.3.201707031232/tools/compiler/bin/../lib/gcc/arm-none-eabi/5.4.1/armv7e-m/fpu\libgcc.a(_arm_truncdfsf2.o)
                0x08000ad8                __truncdfsf2
                0x08000ad8                __aeabi_d2f
 *(.text*)
 .text.HAL_InitTick
                0x08000b78       0x2c Drivers/STM32F3xx_HAL_Driver/Src/stm32f3xx_hal.o
                0x08000b78                HAL_InitTick
 .text.HAL_Init
                0x08000ba4       0x24 Drivers/STM32F3xx_HAL_Driver/Src/stm32f3xx_hal.o
                0x08000ba4                HAL_Init
 .text.HAL_IncTick
                0x08000bc8       0x10 Drivers/STM32F3xx_HAL_Driver/Src/stm32f3xx_hal.o
                0x08000bc8                HAL_IncTick
 .text.HAL_GetTick
                0x08000bd8        0xc Drivers/STM32F3xx_HAL_Driver/Src/stm32f3xx_hal.o
                0x08000bd8                HAL_GetTick
 .text.HAL_Delay
                0x08000be4       0x1c Drivers/STM32F3xx_HAL_Driver/Src/stm32f3xx_hal.o
                0x08000be4                HAL_Delay
 .text.HAL_NVIC_SetPriorityGrouping
                0x08000c00       0x24 Drivers/STM32F3xx_HAL_Driver/Src/stm32f3xx_hal_cortex.o
                0x08000c00                HAL_NVIC_SetPriorityGrouping
 .text.HAL_NVIC_SetPriority
                0x08000c24       0x64 Drivers/STM32F3xx_HAL_Driver/Src/stm32f3xx_hal_cortex.o
                0x08000c24                HAL_NVIC_SetPriority
 .text.HAL_NVIC_EnableIRQ
                0x08000c88       0x18 Drivers/STM32F3xx_HAL_Driver/Src/stm32f3xx_hal_cortex.o
                0x08000c88                HAL_NVIC_EnableIRQ
 .text.HAL_SYSTICK_Config
                0x08000ca0       0x2c Drivers/STM32F3xx_HAL_Driver/Src/stm32f3xx_hal_cortex.o
                0x08000ca0                HAL_SYSTICK_Config
 .text.HAL_SYSTICK_CLKSourceConfig
                0x08000ccc       0x20 Drivers/STM32F3xx_HAL_Driver/Src/stm32f3xx_hal_cortex.o
                0x08000ccc                HAL_SYSTICK_CLKSourceConfig
 .text.HAL_SYSTICK_Callback
                0x08000cec        0x4 Drivers/STM32F3xx_HAL_Driver/Src/stm32f3xx_hal_cortex.o
                0x08000cec                HAL_SYSTICK_Callback
 .text.HAL_SYSTICK_IRQHandler
                0x08000cf0        0x8 Drivers/STM32F3xx_HAL_Driver/Src/stm32f3xx_hal_cortex.o
                0x08000cf0                HAL_SYSTICK_IRQHandler
 .text.HAL_DMA_Abort_IT
                0x08000cf8       0x4c Drivers/STM32F3xx_HAL_Driver/Src/stm32f3xx_hal_dma.o
                0x08000cf8                HAL_DMA_Abort_IT
 .text.HAL_GPIO_Init
                0x08000d44      0x188 Drivers/STM32F3xx_HAL_Driver/Src/stm32f3xx_hal_gpio.o
                0x08000d44                HAL_GPIO_Init
 .text.HAL_GPIO_ReadPin
                0x08000ecc       0x10 Drivers/STM32F3xx_HAL_Driver/Src/stm32f3xx_hal_gpio.o
                0x08000ecc                HAL_GPIO_ReadPin
 .text.HAL_GPIO_WritePin
                0x08000edc        0xc Drivers/STM32F3xx_HAL_Driver/Src/stm32f3xx_hal_gpio.o
                0x08000edc                HAL_GPIO_WritePin
 .text.HAL_GPIO_TogglePin
                0x08000ee8        0x8 Drivers/STM32F3xx_HAL_Driver/Src/stm32f3xx_hal_gpio.o
                0x08000ee8                HAL_GPIO_TogglePin
 .text.HAL_GPIO_EXTI_Callback
                0x08000ef0        0x4 Drivers/STM32F3xx_HAL_Driver/Src/stm32f3xx_hal_gpio.o
                0x08000ef0                HAL_GPIO_EXTI_Callback
 .text.HAL_GPIO_EXTI_IRQHandler
                0x08000ef4       0x18 Drivers/STM32F3xx_HAL_Driver/Src/stm32f3xx_hal_gpio.o
                0x08000ef4                HAL_GPIO_EXTI_IRQHandler
 .text.HAL_I2C_Init
                0x08000f0c       0xbc Drivers/STM32F3xx_HAL_Driver/Src/stm32f3xx_hal_i2c.o
                0x08000f0c                HAL_I2C_Init
 .text.HAL_I2CEx_ConfigAnalogFilter
                0x08000fc8       0x5c Drivers/STM32F3xx_HAL_Driver/Src/stm32f3xx_hal_i2c_ex.o
                0x08000fc8                HAL_I2CEx_ConfigAnalogFilter
 .text.HAL_I2CEx_ConfigDigitalFilter
                0x08001024       0x58 Drivers/STM32F3xx_HAL_Driver/Src/stm32f3xx_hal_i2c_ex.o
                0x08001024                HAL_I2CEx_ConfigDigitalFilter
 .text.HAL_RCC_OscConfig
                0x0800107c      0x620 Drivers/STM32F3xx_HAL_Driver/Src/stm32f3xx_hal_rcc.o
                0x0800107c                HAL_RCC_OscConfig
 .text.HAL_RCC_GetSysClockFreq
                0x0800169c       0x74 Drivers/STM32F3xx_HAL_Driver/Src/stm32f3xx_hal_rcc.o
                0x0800169c                HAL_RCC_GetSysClockFreq
 .text.HAL_RCC_ClockConfig
                0x08001710      0x1e4 Drivers/STM32F3xx_HAL_Driver/Src/stm32f3xx_hal_rcc.o
                0x08001710                HAL_RCC_ClockConfig
 .text.HAL_RCC_GetHCLKFreq
                0x080018f4        0xc Drivers/STM32F3xx_HAL_Driver/Src/stm32f3xx_hal_rcc.o
                0x080018f4                HAL_RCC_GetHCLKFreq
 .text.HAL_RCC_GetPCLK1Freq
                0x08001900       0x30 Drivers/STM32F3xx_HAL_Driver/Src/stm32f3xx_hal_rcc.o
                0x08001900                HAL_RCC_GetPCLK1Freq
 .text.HAL_RCC_GetPCLK2Freq
                0x08001930       0x30 Drivers/STM32F3xx_HAL_Driver/Src/stm32f3xx_hal_rcc.o
                0x08001930                HAL_RCC_GetPCLK2Freq
 .text.HAL_RCCEx_PeriphCLKConfig
                0x08001960      0x220 Drivers/STM32F3xx_HAL_Driver/Src/stm32f3xx_hal_rcc_ex.o
                0x08001960                HAL_RCCEx_PeriphCLKConfig
 .text.SPI_WaitFifoStateUntilTimeout
                0x08001b80       0x9c Drivers/STM32F3xx_HAL_Driver/Src/stm32f3xx_hal_spi.o
 .text.SPI_WaitFlagStateUntilTimeout
                0x08001c1c       0x90 Drivers/STM32F3xx_HAL_Driver/Src/stm32f3xx_hal_spi.o
 .text.SPI_EndRxTxTransaction
                0x08001cac       0x48 Drivers/STM32F3xx_HAL_Driver/Src/stm32f3xx_hal_spi.o
 .text.SPI_EndRxTransaction
                0x08001cf4       0x84 Drivers/STM32F3xx_HAL_Driver/Src/stm32f3xx_hal_spi.o
 .text.HAL_SPI_Init
                0x08001d78       0xbc Drivers/STM32F3xx_HAL_Driver/Src/stm32f3xx_hal_spi.o
                0x08001d78                HAL_SPI_Init
 .text.HAL_SPI_Transmit
                0x08001e34      0x1d0 Drivers/STM32F3xx_HAL_Driver/Src/stm32f3xx_hal_spi.o
                0x08001e34                HAL_SPI_Transmit
 .text.HAL_SPI_TransmitReceive
                0x08002004      0x2cc Drivers/STM32F3xx_HAL_Driver/Src/stm32f3xx_hal_spi.o
                0x08002004                HAL_SPI_TransmitReceive
 .text.HAL_SPI_Receive
                0x080022d0      0x190 Drivers/STM32F3xx_HAL_Driver/Src/stm32f3xx_hal_spi.o
                0x080022d0                HAL_SPI_Receive
 .text.TIM_TI1_ConfigInputStage
                0x08002460       0x28 Drivers/STM32F3xx_HAL_Driver/Src/stm32f3xx_hal_tim.o
 .text.TIM_TI2_ConfigInputStage
                0x08002488       0x28 Drivers/STM32F3xx_HAL_Driver/Src/stm32f3xx_hal_tim.o
 .text.TIM_ITRx_SetConfig
                0x080024b0       0x10 Drivers/STM32F3xx_HAL_Driver/Src/stm32f3xx_hal_tim.o
 .text.HAL_TIM_Base_Start_IT
                0x080024c0       0x18 Drivers/STM32F3xx_HAL_Driver/Src/stm32f3xx_hal_tim.o
                0x080024c0                HAL_TIM_Base_Start_IT
 .text.HAL_TIM_Base_Stop_IT
                0x080024d8       0x2c Drivers/STM32F3xx_HAL_Driver/Src/stm32f3xx_hal_tim.o
                0x080024d8                HAL_TIM_Base_Stop_IT
 .text.HAL_TIM_PWM_MspInit
                0x08002504        0x4 Drivers/STM32F3xx_HAL_Driver/Src/stm32f3xx_hal_tim.o
                0x08002504                HAL_TIM_PWM_MspInit
 .text.HAL_TIM_PeriodElapsedCallback
                0x08002508        0x4 Drivers/STM32F3xx_HAL_Driver/Src/stm32f3xx_hal_tim.o
                0x08002508                HAL_TIM_PeriodElapsedCallback
 .text.HAL_TIM_OC_DelayElapsedCallback
                0x0800250c        0x4 Drivers/STM32F3xx_HAL_Driver/Src/stm32f3xx_hal_tim.o
                0x0800250c                HAL_TIM_OC_DelayElapsedCallback
 .text.HAL_TIM_IC_CaptureCallback
                0x08002510        0x4 Drivers/STM32F3xx_HAL_Driver/Src/stm32f3xx_hal_tim.o
                0x08002510                HAL_TIM_IC_CaptureCallback
 .text.HAL_TIM_PWM_PulseFinishedCallback
                0x08002514        0x4 Drivers/STM32F3xx_HAL_Driver/Src/stm32f3xx_hal_tim.o
                0x08002514                HAL_TIM_PWM_PulseFinishedCallback
 .text.HAL_TIM_TriggerCallback
                0x08002518        0x4 Drivers/STM32F3xx_HAL_Driver/Src/stm32f3xx_hal_tim.o
                0x08002518                HAL_TIM_TriggerCallback
 .text.HAL_TIM_IRQHandler
                0x0800251c      0x174 Drivers/STM32F3xx_HAL_Driver/Src/stm32f3xx_hal_tim.o
                0x0800251c                HAL_TIM_IRQHandler
 .text.TIM_Base_SetConfig
                0x08002690       0x80 Drivers/STM32F3xx_HAL_Driver/Src/stm32f3xx_hal_tim.o
                0x08002690                TIM_Base_SetConfig
 .text.HAL_TIM_Base_Init
                0x08002710       0x38 Drivers/STM32F3xx_HAL_Driver/Src/stm32f3xx_hal_tim.o
                0x08002710                HAL_TIM_Base_Init
 .text.HAL_TIM_PWM_Init
                0x08002748       0x38 Drivers/STM32F3xx_HAL_Driver/Src/stm32f3xx_hal_tim.o
                0x08002748                HAL_TIM_PWM_Init
 .text.TIM_OC1_SetConfig
                0x08002780       0x8c Drivers/STM32F3xx_HAL_Driver/Src/stm32f3xx_hal_tim.o
                0x08002780                TIM_OC1_SetConfig
 .text.TIM_OC2_SetConfig
                0x0800280c       0x7c Drivers/STM32F3xx_HAL_Driver/Src/stm32f3xx_hal_tim.o
                0x0800280c                TIM_OC2_SetConfig
 .text.TIM_OC3_SetConfig
                0x08002888       0x7c Drivers/STM32F3xx_HAL_Driver/Src/stm32f3xx_hal_tim.o
                0x08002888                TIM_OC3_SetConfig
 .text.TIM_OC4_SetConfig
                0x08002904       0x64 Drivers/STM32F3xx_HAL_Driver/Src/stm32f3xx_hal_tim.o
                0x08002904                TIM_OC4_SetConfig
 .text.TIM_ETR_SetConfig
                0x08002968       0x1c Drivers/STM32F3xx_HAL_Driver/Src/stm32f3xx_hal_tim.o
                0x08002968                TIM_ETR_SetConfig
 .text.HAL_TIM_ConfigClockSource
                0x08002984      0x120 Drivers/STM32F3xx_HAL_Driver/Src/stm32f3xx_hal_tim.o
                0x08002984                HAL_TIM_ConfigClockSource
 .text.TIM_CCxChannelCmd
                0x08002aa4       0x20 Drivers/STM32F3xx_HAL_Driver/Src/stm32f3xx_hal_tim.o
                0x08002aa4                TIM_CCxChannelCmd
 .text.HAL_TIM_PWM_Start
                0x08002ac4       0x5c Drivers/STM32F3xx_HAL_Driver/Src/stm32f3xx_hal_tim.o
                0x08002ac4                HAL_TIM_PWM_Start
 .text.TIM_OC5_SetConfig
                0x08002b20       0x60 Drivers/STM32F3xx_HAL_Driver/Src/stm32f3xx_hal_tim_ex.o
 .text.TIM_OC6_SetConfig
                0x08002b80       0x64 Drivers/STM32F3xx_HAL_Driver/Src/stm32f3xx_hal_tim_ex.o
 .text.HAL_TIM_PWM_ConfigChannel
                0x08002be4      0x138 Drivers/STM32F3xx_HAL_Driver/Src/stm32f3xx_hal_tim_ex.o
                0x08002be4                HAL_TIM_PWM_ConfigChannel
 .text.HAL_TIMEx_MasterConfigSynchronization
                0x08002d1c       0x50 Drivers/STM32F3xx_HAL_Driver/Src/stm32f3xx_hal_tim_ex.o
                0x08002d1c                HAL_TIMEx_MasterConfigSynchronization
 .text.HAL_TIMEx_CommutationCallback
                0x08002d6c        0x4 Drivers/STM32F3xx_HAL_Driver/Src/stm32f3xx_hal_tim_ex.o
                0x08002d6c                HAL_TIMEx_CommutationCallback
 .text.HAL_TIMEx_BreakCallback
                0x08002d70        0x4 Drivers/STM32F3xx_HAL_Driver/Src/stm32f3xx_hal_tim_ex.o
                0x08002d70                HAL_TIMEx_BreakCallback
 .text.UART_EndRxTransfer
                0x08002d74       0x1c Drivers/STM32F3xx_HAL_Driver/Src/stm32f3xx_hal_uart.o
 .text.HAL_UART_RxCpltCallback
                0x08002d90        0x4 Drivers/STM32F3xx_HAL_Driver/Src/stm32f3xx_hal_uart.o
                0x08002d90                HAL_UART_RxCpltCallback
 .text.UART_DMAAbortOnError
                0x08002d94       0x14 Drivers/STM32F3xx_HAL_Driver/Src/stm32f3xx_hal_uart.o
 .text.UART_SetConfig
                0x08002da8      0x1b0 Drivers/STM32F3xx_HAL_Driver/Src/stm32f3xx_hal_uart.o
                0x08002da8                UART_SetConfig
 .text.UART_AdvFeatureConfig
                0x08002f58       0xc8 Drivers/STM32F3xx_HAL_Driver/Src/stm32f3xx_hal_uart.o
                0x08002f58                UART_AdvFeatureConfig
 .text.UART_WaitOnFlagUntilTimeout
                0x08003020       0x68 Drivers/STM32F3xx_HAL_Driver/Src/stm32f3xx_hal_uart.o
                0x08003020                UART_WaitOnFlagUntilTimeout
 .text.UART_CheckIdleState
                0x08003088       0x6c Drivers/STM32F3xx_HAL_Driver/Src/stm32f3xx_hal_uart.o
                0x08003088                UART_CheckIdleState
 .text.HAL_UART_Init
                0x080030f4       0x6c Drivers/STM32F3xx_HAL_Driver/Src/stm32f3xx_hal_uart.o
                0x080030f4                HAL_UART_Init
 .text.UART_Transmit_IT
                0x08003160       0x6c Drivers/STM32F3xx_HAL_Driver/Src/stm32f3xx_hal_uart.o
                0x08003160                UART_Transmit_IT
 .text.UART_EndTransmit_IT
                0x080031cc       0x1c Drivers/STM32F3xx_HAL_Driver/Src/stm32f3xx_hal_uart.o
                0x080031cc                UART_EndTransmit_IT
 .text.UART_Receive_IT
                0x080031e8       0x80 Drivers/STM32F3xx_HAL_Driver/Src/stm32f3xx_hal_uart.o
                0x080031e8                UART_Receive_IT
 .text.HAL_UART_IRQHandler
                0x08003268      0x158 Drivers/STM32F3xx_HAL_Driver/Src/stm32f3xx_hal_uart.o
                0x08003268                HAL_UART_IRQHandler
 .text.HAL_UARTEx_WakeupCallback
                0x080033c0        0x4 Drivers/STM32F3xx_HAL_Driver/Src/stm32f3xx_hal_uart_ex.o
                0x080033c0                HAL_UARTEx_WakeupCallback
 .text.HAL_UART_TxCpltCallback
                0x080033c4        0xc Src/MTiControl.o
                0x080033c4                HAL_UART_TxCpltCallback
 .text.HAL_UART_ErrorCallback
                0x080033d0        0xc Src/MTiControl.o
                0x080033d0                HAL_UART_ErrorCallback
 .text.csLow    0x080033dc       0x10 Src/commsfpga.o
                0x080033dc                csLow
 .text.csHigh   0x080033ec       0x10 Src/commsfpga.o
                0x080033ec                csHigh
 .text.reverseByte
                0x080033fc       0x4c Src/commsfpga.o
                0x080033fc                reverseByte
 .text.sendReceivePacket
                0x08003448      0x27c Src/commsfpga.o
                0x08003448                sendReceivePacket
 .text.MX_GPIO_Init
                0x080036c4      0x114 Src/gpio.o
                0x080036c4                MX_GPIO_Init
 .text.MX_I2C1_Init
                0x080037d8       0x64 Src/i2c.o
                0x080037d8                MX_I2C1_Init
 .text.HAL_I2C_MspInit
                0x0800383c       0x54 Src/i2c.o
                0x0800383c                HAL_I2C_MspInit
 .text.shoot    0x08003890       0x44 Src/main.o
                0x08003890                shoot
 .text.UintToLeds
                0x080038d4       0x5c Src/main.o
                0x080038d4                UintToLeds
 .text._Error_Handler
                0x08003930        0x4 Src/main.o
                0x08003930                _Error_Handler
 .text.SystemClock_Config
                0x08003934       0xb0 Src/main.o
                0x08003934                SystemClock_Config
 .text.trySystemClock
                0x080039e4       0x18 Src/main.o
 .text.main     0x080039fc      0x17c Src/main.o
                0x080039fc                main
 .text.setBit   0x08003b78       0x24 Src/myNRF24.o
                0x08003b78                setBit
 .text.readBit  0x08003b9c       0x14 Src/myNRF24.o
                0x08003b9c                readBit
 .text.nssHigh  0x08003bb0       0x14 Src/myNRF24.o
                0x08003bb0                nssHigh
 .text.nssLow   0x08003bc4       0x14 Src/myNRF24.o
                0x08003bc4                nssLow
 .text.irqRead  0x08003bd8       0x18 Src/myNRF24.o
                0x08003bd8                irqRead
 .text.writeReg
                0x08003bf0       0x6c Src/myNRF24.o
                0x08003bf0                writeReg
 .text.writeRegMulti
                0x08003c5c       0x60 Src/myNRF24.o
                0x08003c5c                writeRegMulti
 .text.readReg  0x08003cbc       0x44 Src/myNRF24.o
                0x08003cbc                readReg
 .text.reset    0x08003d00      0x130 Src/myNRF24.o
                0x08003d00                reset
 .text.setRXaddress
                0x08003e30       0x1c Src/myNRF24.o
                0x08003e30                setRXaddress
 .text.setFreqChannel
                0x08003e4c       0x14 Src/myNRF24.o
                0x08003e4c                setFreqChannel
 .text.setDataPipeArray
                0x08003e60       0x34 Src/myNRF24.o
                0x08003e60                setDataPipeArray
 .text.setRXbufferSize
                0x08003e94       0x50 Src/myNRF24.o
                0x08003e94                setRXbufferSize
 .text.RXinterrupts
                0x08003ee4       0x30 Src/myNRF24.o
                0x08003ee4                RXinterrupts
 .text.flushTX  0x08003f14       0x28 Src/myNRF24.o
                0x08003f14                flushTX
 .text.flushRX  0x08003f3c       0x28 Src/myNRF24.o
                0x08003f3c                flushRX
 .text.NRFinit  0x08003f64       0x20 Src/myNRF24.o
                0x08003f64                NRFinit
 .text.powerUpRX
                0x08003f84       0x30 Src/myNRF24.o
                0x08003f84                powerUpRX
 .text.readData
                0x08003fb4       0x38 Src/myNRF24.o
                0x08003fb4                readData
 .text.setLowSpeed
                0x08003fec       0x28 Src/myNRF24.o
                0x08003fec                setLowSpeed
 .text.enableAutoRetransmitSlow
                0x08004014        0xc Src/myNRF24.o
                0x08004014                enableAutoRetransmitSlow
 .text.initRobo
                0x08004020       0x7c Src/myNRF24.o
                0x08004020                initRobo
 .text.roboCallback
                0x0800409c       0xd0 Src/myNRF24.o
                0x0800409c                roboCallback
 *fill*         0x0800416c        0x4 
 .text.splitVector
                0x08004170       0x84 Src/speedcalc.o
                0x08004170                splitVector
 .text.calcFPGAFromRPS
                0x080041f4       0x3c Src/speedcalc.o
                0x080041f4                calcFPGAFromRPS
 .text.calcMotorRaw
                0x08004230      0x264 Src/speedcalc.o
                0x08004230                calcMotorRaw
 .text.calcMotorSpeed
                0x08004494       0x48 Src/speedcalc.o
                0x08004494                calcMotorSpeed
 .text.MX_SPI2_Init
                0x080044dc       0x50 Src/spi.o
                0x080044dc                MX_SPI2_Init
 .text.MX_SPI3_Init
                0x0800452c       0x54 Src/spi.o
                0x0800452c                MX_SPI3_Init
 .text.HAL_SPI_MspInit
                0x08004580       0x94 Src/spi.o
                0x08004580                HAL_SPI_MspInit
 .text.HAL_MspInit
                0x08004614       0x7c Src/stm32f3xx_hal_msp.o
                0x08004614                HAL_MspInit
 .text.NMI_Handler
                0x08004690        0x4 Src/stm32f3xx_it.o
                0x08004690                NMI_Handler
 .text.HardFault_Handler
                0x08004694        0x4 Src/stm32f3xx_it.o
                0x08004694                HardFault_Handler
 .text.MemManage_Handler
                0x08004698        0x4 Src/stm32f3xx_it.o
                0x08004698                MemManage_Handler
 .text.BusFault_Handler
                0x0800469c        0x4 Src/stm32f3xx_it.o
                0x0800469c                BusFault_Handler
 .text.UsageFault_Handler
                0x080046a0        0x4 Src/stm32f3xx_it.o
                0x080046a0                UsageFault_Handler
 .text.SVC_Handler
                0x080046a4        0x4 Src/stm32f3xx_it.o
                0x080046a4                SVC_Handler
 .text.DebugMon_Handler
                0x080046a8        0x4 Src/stm32f3xx_it.o
                0x080046a8                DebugMon_Handler
 .text.PendSV_Handler
                0x080046ac        0x4 Src/stm32f3xx_it.o
                0x080046ac                PendSV_Handler
 .text.SysTick_Handler
                0x080046b0        0xc Src/stm32f3xx_it.o
                0x080046b0                SysTick_Handler
 .text.EXTI9_5_IRQHandler
                0x080046bc        0xc Src/stm32f3xx_it.o
                0x080046bc                EXTI9_5_IRQHandler
 .text.TIM1_UP_TIM16_IRQHandler
                0x080046c8       0x48 Src/stm32f3xx_it.o
                0x080046c8                TIM1_UP_TIM16_IRQHandler
 .text.USART3_IRQHandler
                0x08004710       0x10 Src/stm32f3xx_it.o
                0x08004710                USART3_IRQHandler
 .text.SystemInit
                0x08004720       0x68 Src/system_stm32f3xx.o
                0x08004720                SystemInit
 .text.MX_TIM1_Init
                0x08004788       0x74 Src/tim.o
                0x08004788                MX_TIM1_Init
 .text.HAL_TIM_Base_MspInit
                0x080047fc       0x5c Src/tim.o
                0x080047fc                HAL_TIM_Base_MspInit
 .text.HAL_TIM_MspPostInit
                0x08004858       0x30 Src/tim.o
                0x08004858                HAL_TIM_MspPostInit
 .text.MX_TIM2_Init
                0x08004888       0xa4 Src/tim.o
                0x08004888                MX_TIM2_Init
 .text.MX_USART2_UART_Init
                0x0800492c       0x40 Src/usart.o
                0x0800492c                MX_USART2_UART_Init
 .text.MX_USART3_UART_Init
                0x0800496c       0x40 Src/usart.o
                0x0800496c                MX_USART3_UART_Init
 .text.HAL_UART_MspInit
                0x080049ac       0xa0 Src/usart.o
                0x080049ac                HAL_UART_MspInit
 .text.Reset_Handler
                0x08004a4c       0x50 startup/startup_stm32f301x8.o
                0x08004a4c                Reset_Handler
 .text.Default_Handler
                0x08004a9c        0x2 startup/startup_stm32f301x8.o
                0x08004a9c                RTC_Alarm_IRQHandler
                0x08004a9c                TIM1_CC_IRQHandler
                0x08004a9c                PVD_IRQHandler
                0x08004a9c                TAMP_STAMP_IRQHandler
                0x08004a9c                EXTI3_IRQHandler
                0x08004a9c                I2C3_ER_IRQHandler
                0x08004a9c                EXTI0_IRQHandler
                0x08004a9c                I2C2_EV_IRQHandler
                0x08004a9c                FPU_IRQHandler
                0x08004a9c                TIM6_DAC_IRQHandler
                0x08004a9c                DMA1_Channel4_IRQHandler
                0x08004a9c                ADC1_IRQHandler
                0x08004a9c                DMA1_Channel7_IRQHandler
                0x08004a9c                I2C1_EV_IRQHandler
                0x08004a9c                DMA1_Channel6_IRQHandler
                0x08004a9c                RCC_IRQHandler
                0x08004a9c                DMA1_Channel1_IRQHandler
                0x08004a9c                Default_Handler
                0x08004a9c                EXTI15_10_IRQHandler
                0x08004a9c                COMP2_IRQHandler
                0x08004a9c                I2C3_EV_IRQHandler
                0x08004a9c                RTC_WKUP_IRQHandler
                0x08004a9c                SPI2_IRQHandler
                0x08004a9c                DMA1_Channel5_IRQHandler
                0x08004a9c                EXTI4_IRQHandler
                0x08004a9c                TIM1_TRG_COM_TIM17_IRQHandler
                0x08004a9c                DMA1_Channel3_IRQHandler
                0x08004a9c                WWDG_IRQHandler
                0x08004a9c                TIM2_IRQHandler
                0x08004a9c                EXTI1_IRQHandler
                0x08004a9c                COMP4_6_IRQHandler
                0x08004a9c                USART2_IRQHandler
                0x08004a9c                I2C2_ER_IRQHandler
                0x08004a9c                DMA1_Channel2_IRQHandler
                0x08004a9c                FLASH_IRQHandler
                0x08004a9c                USART1_IRQHandler
                0x08004a9c                SPI3_IRQHandler
                0x08004a9c                I2C1_ER_IRQHandler
                0x08004a9c                EXTI2_TSC_IRQHandler
                0x08004a9c                TIM1_BRK_TIM15_IRQHandler
 *fill*         0x08004a9e        0x2 
 .text.cos      0x08004aa0       0xc0 c:/ac6/systemworkbench/plugins/fr.ac6.mcu.externaltools.arm-none.win32_1.13.3.201707031232/tools/compiler/bin/../lib/gcc/arm-none-eabi/5.4.1/../../../../arm-none-eabi/lib/armv7e-m/fpu\libm.a(lib_a-s_cos.o)
                0x08004aa0                cos
 .text.sin      0x08004b60       0xc0 c:/ac6/systemworkbench/plugins/fr.ac6.mcu.externaltools.arm-none.win32_1.13.3.201707031232/tools/compiler/bin/../lib/gcc/arm-none-eabi/5.4.1/../../../../arm-none-eabi/lib/armv7e-m/fpu\libm.a(lib_a-s_sin.o)
                0x08004b60                sin
 .text.__ieee754_rem_pio2
                0x08004c20      0x44c c:/ac6/systemworkbench/plugins/fr.ac6.mcu.externaltools.arm-none.win32_1.13.3.201707031232/tools/compiler/bin/../lib/gcc/arm-none-eabi/5.4.1/../../../../arm-none-eabi/lib/armv7e-m/fpu\libm.a(lib_a-e_rem_pio2.o)
                0x08004c20                __ieee754_rem_pio2
 *fill*         0x0800506c        0x4 
 .text.__kernel_cos
                0x08005070      0x284 c:/ac6/systemworkbench/plugins/fr.ac6.mcu.externaltools.arm-none.win32_1.13.3.201707031232/tools/compiler/bin/../lib/gcc/arm-none-eabi/5.4.1/../../../../arm-none-eabi/lib/armv7e-m/fpu\libm.a(lib_a-k_cos.o)
                0x08005070                __kernel_cos
 *fill*         0x080052f4        0x4 
 .text.__kernel_rem_pio2
                0x080052f8      0x820 c:/ac6/systemworkbench/plugins/fr.ac6.mcu.externaltools.arm-none.win32_1.13.3.201707031232/tools/compiler/bin/../lib/gcc/arm-none-eabi/5.4.1/../../../../arm-none-eabi/lib/armv7e-m/fpu\libm.a(lib_a-k_rem_pio2.o)
                0x080052f8                __kernel_rem_pio2
 .text.__kernel_sin
                0x08005b18      0x194 c:/ac6/systemworkbench/plugins/fr.ac6.mcu.externaltools.arm-none.win32_1.13.3.201707031232/tools/compiler/bin/../lib/gcc/arm-none-eabi/5.4.1/../../../../arm-none-eabi/lib/armv7e-m/fpu\libm.a(lib_a-k_sin.o)
                0x08005b18                __kernel_sin
 .text.fabs     0x08005cac       0x10 c:/ac6/systemworkbench/plugins/fr.ac6.mcu.externaltools.arm-none.win32_1.13.3.201707031232/tools/compiler/bin/../lib/gcc/arm-none-eabi/5.4.1/../../../../arm-none-eabi/lib/armv7e-m/fpu\libm.a(lib_a-s_fabs.o)
                0x08005cac                fabs
 *fill*         0x08005cbc        0x4 
 .text.floor    0x08005cc0      0x120 c:/ac6/systemworkbench/plugins/fr.ac6.mcu.externaltools.arm-none.win32_1.13.3.201707031232/tools/compiler/bin/../lib/gcc/arm-none-eabi/5.4.1/../../../../arm-none-eabi/lib/armv7e-m/fpu\libm.a(lib_a-s_floor.o)
                0x08005cc0                floor
 .text.scalbn   0x08005de0      0x10c c:/ac6/systemworkbench/plugins/fr.ac6.mcu.externaltools.arm-none.win32_1.13.3.201707031232/tools/compiler/bin/../lib/gcc/arm-none-eabi/5.4.1/../../../../arm-none-eabi/lib/armv7e-m/fpu\libm.a(lib_a-s_scalbn.o)
                0x08005de0                scalbn
 .text.copysign
                0x08005eec       0x1c c:/ac6/systemworkbench/plugins/fr.ac6.mcu.externaltools.arm-none.win32_1.13.3.201707031232/tools/compiler/bin/../lib/gcc/arm-none-eabi/5.4.1/../../../../arm-none-eabi/lib/armv7e-m/fpu\libm.a(lib_a-s_copysign.o)
                0x08005eec                copysign
 .text.__libc_init_array
                0x08005f08       0x4c c:/ac6/systemworkbench/plugins/fr.ac6.mcu.externaltools.arm-none.win32_1.13.3.201707031232/tools/compiler/bin/../lib/gcc/arm-none-eabi/5.4.1/../../../../arm-none-eabi/lib/armv7e-m/fpu\libc_nano.a(lib_a-init.o)
                0x08005f08                __libc_init_array
 *(.glue_7)
 .glue_7        0x08005f54        0x0 linker stubs
 *(.glue_7t)
 .glue_7t       0x08005f54        0x0 linker stubs
 *(.eh_frame)
 .eh_frame      0x08005f54        0x0 c:/ac6/systemworkbench/plugins/fr.ac6.mcu.externaltools.arm-none.win32_1.13.3.201707031232/tools/compiler/bin/../lib/gcc/arm-none-eabi/5.4.1/armv7e-m/fpu/crtbegin.o
 *(.init)
 .init          0x08005f54        0x4 c:/ac6/systemworkbench/plugins/fr.ac6.mcu.externaltools.arm-none.win32_1.13.3.201707031232/tools/compiler/bin/../lib/gcc/arm-none-eabi/5.4.1/armv7e-m/fpu/crti.o
                0x08005f54                _init
 .init          0x08005f58        0x8 c:/ac6/systemworkbench/plugins/fr.ac6.mcu.externaltools.arm-none.win32_1.13.3.201707031232/tools/compiler/bin/../lib/gcc/arm-none-eabi/5.4.1/armv7e-m/fpu/crtn.o
 *(.fini)
 .fini          0x08005f60        0x4 c:/ac6/systemworkbench/plugins/fr.ac6.mcu.externaltools.arm-none.win32_1.13.3.201707031232/tools/compiler/bin/../lib/gcc/arm-none-eabi/5.4.1/armv7e-m/fpu/crti.o
                0x08005f60                _fini
 .fini          0x08005f64        0x8 c:/ac6/systemworkbench/plugins/fr.ac6.mcu.externaltools.arm-none.win32_1.13.3.201707031232/tools/compiler/bin/../lib/gcc/arm-none-eabi/5.4.1/armv7e-m/fpu/crtn.o
                0x08005f6c                . = ALIGN (0x4)
                0x08005f6c                _etext = .

.vfp11_veneer   0x08005f6c        0x0
 .vfp11_veneer  0x08005f6c        0x0 linker stubs

.v4_bx          0x08005f6c        0x0
 .v4_bx         0x08005f6c        0x0 linker stubs

.iplt           0x08005f6c        0x0
 .iplt          0x08005f6c        0x0 c:/ac6/systemworkbench/plugins/fr.ac6.mcu.externaltools.arm-none.win32_1.13.3.201707031232/tools/compiler/bin/../lib/gcc/arm-none-eabi/5.4.1/armv7e-m/fpu/crtbegin.o

.rodata         0x08005f70      0x278
                0x08005f70                . = ALIGN (0x4)
 *(.rodata)
 .rodata        0x08005f70       0x20 Drivers/STM32F3xx_HAL_Driver/Src/stm32f3xx_hal_rcc.o
                0x08005f70                aPLLMULFactorTable
                0x08005f80                aPredivFactorTable
 .rodata        0x08005f90       0x15 Src/myNRF24.o
 *fill*         0x08005fa5        0x3 
 .rodata        0x08005fa8       0x18 Src/system_stm32f3xx.o
                0x08005fa8                AHBPrescTable
                0x08005fb8                APBPrescTable
 *(.rodata*)
 .rodata.str1.4
                0x08005fc0        0xd Src/i2c.o
 *fill*         0x08005fcd        0x3 
 .rodata.str1.4
                0x08005fd0        0xe Src/main.o
 *fill*         0x08005fde        0x2 
 .rodata.str1.4
                0x08005fe0        0xd Src/spi.o
 *fill*         0x08005fed        0x3 
 .rodata.str1.4
                0x08005ff0        0xd Src/tim.o
 *fill*         0x08005ffd        0x3 
 .rodata.str1.4
                0x08006000       0x10 Src/usart.o
                                  0xf (size before relaxing)
 .rodata.npio2_hw
                0x08006010       0x80 c:/ac6/systemworkbench/plugins/fr.ac6.mcu.externaltools.arm-none.win32_1.13.3.201707031232/tools/compiler/bin/../lib/gcc/arm-none-eabi/5.4.1/../../../../arm-none-eabi/lib/armv7e-m/fpu\libm.a(lib_a-e_rem_pio2.o)
 .rodata.two_over_pi
                0x08006090      0x108 c:/ac6/systemworkbench/plugins/fr.ac6.mcu.externaltools.arm-none.win32_1.13.3.201707031232/tools/compiler/bin/../lib/gcc/arm-none-eabi/5.4.1/../../../../arm-none-eabi/lib/armv7e-m/fpu\libm.a(lib_a-e_rem_pio2.o)
 .rodata.init_jk
                0x08006198       0x10 c:/ac6/systemworkbench/plugins/fr.ac6.mcu.externaltools.arm-none.win32_1.13.3.201707031232/tools/compiler/bin/../lib/gcc/arm-none-eabi/5.4.1/../../../../arm-none-eabi/lib/armv7e-m/fpu\libm.a(lib_a-k_rem_pio2.o)
 .rodata.PIo2   0x080061a8       0x40 c:/ac6/systemworkbench/plugins/fr.ac6.mcu.externaltools.arm-none.win32_1.13.3.201707031232/tools/compiler/bin/../lib/gcc/arm-none-eabi/5.4.1/../../../../arm-none-eabi/lib/armv7e-m/fpu\libm.a(lib_a-k_rem_pio2.o)
                0x080061e8                . = ALIGN (0x4)

.rel.dyn        0x080061e8        0x0
 .rel.iplt      0x080061e8        0x0 c:/ac6/systemworkbench/plugins/fr.ac6.mcu.externaltools.arm-none.win32_1.13.3.201707031232/tools/compiler/bin/../lib/gcc/arm-none-eabi/5.4.1/armv7e-m/fpu/crtbegin.o

.ARM.extab
 *(.ARM.extab* .gnu.linkonce.armextab.*)

.ARM            0x080061e8        0x0
                0x080061e8                __exidx_start = .
 *(.ARM.exidx*)
                0x080061e8                __exidx_end = .

.preinit_array  0x080061e8        0x0
                0x080061e8                PROVIDE (__preinit_array_start, .)
 *(.preinit_array*)
                0x080061e8                PROVIDE (__preinit_array_end, .)

.init_array     0x080061e8        0x4
                0x080061e8                PROVIDE (__init_array_start, .)
 *(SORT(.init_array.*))
 *(.init_array*)
 .init_array    0x080061e8        0x4 c:/ac6/systemworkbench/plugins/fr.ac6.mcu.externaltools.arm-none.win32_1.13.3.201707031232/tools/compiler/bin/../lib/gcc/arm-none-eabi/5.4.1/armv7e-m/fpu/crtbegin.o
                0x080061ec                PROVIDE (__init_array_end, .)

.fini_array     0x080061ec        0x4
                [!provide]                PROVIDE (__fini_array_start, .)
 *(SORT(.fini_array.*))
 *(.fini_array*)
 .fini_array    0x080061ec        0x4 c:/ac6/systemworkbench/plugins/fr.ac6.mcu.externaltools.arm-none.win32_1.13.3.201707031232/tools/compiler/bin/../lib/gcc/arm-none-eabi/5.4.1/armv7e-m/fpu/crtbegin.o
                [!provide]                PROVIDE (__fini_array_end, .)
                0x080061f0                _sidata = LOADADDR (.data)

.data           0x20000000        0x8 load address 0x080061f0
                0x20000000                . = ALIGN (0x4)
                0x20000000                _sdata = .
 *(.data)
 .data          0x20000000        0x3 Src/main.o
                0x20000000                address
                0x20000001                freqChannel
                0x20000002                stop_after_message_complete
 *fill*         0x20000003        0x1 
 .data          0x20000004        0x4 Src/system_stm32f3xx.o
                0x20000004                SystemCoreClock
 *(.data*)
                0x20000008                . = ALIGN (0x4)
                0x20000008                _edata = .

.jcr            0x20000008        0x0 load address 0x080061f8
 .jcr           0x20000008        0x0 c:/ac6/systemworkbench/plugins/fr.ac6.mcu.externaltools.arm-none.win32_1.13.3.201707031232/tools/compiler/bin/../lib/gcc/arm-none-eabi/5.4.1/armv7e-m/fpu/crtbegin.o

.igot.plt       0x20000008        0x0 load address 0x080061f8
 .igot.plt      0x20000008        0x0 c:/ac6/systemworkbench/plugins/fr.ac6.mcu.externaltools.arm-none.win32_1.13.3.201707031232/tools/compiler/bin/../lib/gcc/arm-none-eabi/5.4.1/armv7e-m/fpu/crtbegin.o
                0x20000008                . = ALIGN (0x4)

.bss            0x20000008      0x2a4 load address 0x080061f8
                0x20000008                _sbss = .
                0x20000008                __bss_start__ = _sbss
 *(.bss)
 .bss           0x20000008       0x1c c:/ac6/systemworkbench/plugins/fr.ac6.mcu.externaltools.arm-none.win32_1.13.3.201707031232/tools/compiler/bin/../lib/gcc/arm-none-eabi/5.4.1/armv7e-m/fpu/crtbegin.o
 .bss           0x20000024        0x8 Src/MTiControl.o
                0x20000026                bytes_received_cnt
                0x20000028                cplt_mess_stored_flag
                0x20000029                HAL_UART_TxCpltCallback_flag
                0x2000002a                HAL_UART_RxCpltCallback_flag
                0x2000002b                HAL_UART_ErrorCallback_flag
 .bss           0x2000002c        0x2 Src/main.o
                0x2000002c                message_handled_flag
                0x2000002d                triedSystemClock
 *fill*         0x2000002e        0x2 
 .bss           0x20000030        0x4 Src/stm32f3xx_it.o
                0x20000030                interruptCounter
 *(.bss*)
 *(COMMON)
 COMMON         0x20000034        0x4 Drivers/STM32F3xx_HAL_Driver/Src/stm32f3xx_hal.o
                0x20000034                uwTick
 COMMON         0x20000038       0x4c Src/i2c.o
                0x20000038                hi2c1
 COMMON         0x20000084       0xc8 Src/spi.o
                0x20000084                hspi2
                0x200000e8                hspi3
 COMMON         0x2000014c       0x80 Src/tim.o
                0x2000014c                htim1
                0x2000018c                htim2
 COMMON         0x200001cc       0xe0 Src/usart.o
                0x200001cc                huart3
                0x2000023c                huart2
                0x200002ac                . = ALIGN (0x4)
                0x200002ac                _ebss = .
                0x200002ac                __bss_end__ = _ebss

._user_heap_stack
                0x200002ac      0x604 load address 0x080061f8
                0x200002b0                . = ALIGN (0x8)
 *fill*         0x200002ac        0x4 
                0x200002b0                PROVIDE (end, .)
                [!provide]                PROVIDE (_end, .)
                0x200004b0                . = (. + _Min_Heap_Size)
 *fill*         0x200002b0      0x200 
                0x200008b0                . = (. + _Min_Stack_Size)
 *fill*         0x200004b0      0x400 
                0x200008b0                . = ALIGN (0x8)

/DISCARD/
 libc.a(*)
 libm.a(*)
 libgcc.a(*)

.ARM.attributes
                0x00000000       0x30
 *(.ARM.attributes)
 .ARM.attributes
                0x00000000       0x22 c:/ac6/systemworkbench/plugins/fr.ac6.mcu.externaltools.arm-none.win32_1.13.3.201707031232/tools/compiler/bin/../lib/gcc/arm-none-eabi/5.4.1/armv7e-m/fpu/crti.o
 .ARM.attributes
                0x00000022       0x34 c:/ac6/systemworkbench/plugins/fr.ac6.mcu.externaltools.arm-none.win32_1.13.3.201707031232/tools/compiler/bin/../lib/gcc/arm-none-eabi/5.4.1/armv7e-m/fpu/crtbegin.o
 .ARM.attributes
                0x00000056       0x39 Drivers/STM32F3xx_HAL_Driver/Src/stm32f3xx_hal.o
 .ARM.attributes
                0x0000008f       0x39 Drivers/STM32F3xx_HAL_Driver/Src/stm32f3xx_hal_cortex.o
 .ARM.attributes
                0x000000c8       0x39 Drivers/STM32F3xx_HAL_Driver/Src/stm32f3xx_hal_dma.o
 .ARM.attributes
                0x00000101       0x39 Drivers/STM32F3xx_HAL_Driver/Src/stm32f3xx_hal_gpio.o
 .ARM.attributes
                0x0000013a       0x39 Drivers/STM32F3xx_HAL_Driver/Src/stm32f3xx_hal_i2c.o
 .ARM.attributes
                0x00000173       0x39 Drivers/STM32F3xx_HAL_Driver/Src/stm32f3xx_hal_i2c_ex.o
 .ARM.attributes
                0x000001ac       0x39 Drivers/STM32F3xx_HAL_Driver/Src/stm32f3xx_hal_rcc.o
 .ARM.attributes
                0x000001e5       0x39 Drivers/STM32F3xx_HAL_Driver/Src/stm32f3xx_hal_rcc_ex.o
 .ARM.attributes
                0x0000021e       0x39 Drivers/STM32F3xx_HAL_Driver/Src/stm32f3xx_hal_spi.o
 .ARM.attributes
                0x00000257       0x39 Drivers/STM32F3xx_HAL_Driver/Src/stm32f3xx_hal_tim.o
 .ARM.attributes
                0x00000290       0x39 Drivers/STM32F3xx_HAL_Driver/Src/stm32f3xx_hal_tim_ex.o
 .ARM.attributes
                0x000002c9       0x39 Drivers/STM32F3xx_HAL_Driver/Src/stm32f3xx_hal_uart.o
 .ARM.attributes
                0x00000302       0x39 Drivers/STM32F3xx_HAL_Driver/Src/stm32f3xx_hal_uart_ex.o
 .ARM.attributes
                0x0000033b       0x39 Src/MTiControl.o
 .ARM.attributes
                0x00000374       0x39 Src/commsfpga.o
 .ARM.attributes
                0x000003ad       0x39 Src/gpio.o
 .ARM.attributes
                0x000003e6       0x39 Src/i2c.o
 .ARM.attributes
                0x0000041f       0x39 Src/main.o
 .ARM.attributes
                0x00000458       0x39 Src/myNRF24.o
 .ARM.attributes
                0x00000491       0x39 Src/speedcalc.o
 .ARM.attributes
                0x000004ca       0x39 Src/spi.o
 .ARM.attributes
                0x00000503       0x39 Src/stm32f3xx_hal_msp.o
 .ARM.attributes
                0x0000053c       0x39 Src/stm32f3xx_it.o
 .ARM.attributes
                0x00000575       0x39 Src/system_stm32f3xx.o
 .ARM.attributes
                0x000005ae       0x39 Src/tim.o
 .ARM.attributes
                0x000005e7       0x39 Src/usart.o
 .ARM.attributes
                0x00000620       0x21 startup/startup_stm32f301x8.o
 .ARM.attributes
                0x00000641       0x34 c:/ac6/systemworkbench/plugins/fr.ac6.mcu.externaltools.arm-none.win32_1.13.3.201707031232/tools/compiler/bin/../lib/gcc/arm-none-eabi/5.4.1/../../../../arm-none-eabi/lib/armv7e-m/fpu\libm.a(lib_a-s_cos.o)
 .ARM.attributes
                0x00000675       0x34 c:/ac6/systemworkbench/plugins/fr.ac6.mcu.externaltools.arm-none.win32_1.13.3.201707031232/tools/compiler/bin/../lib/gcc/arm-none-eabi/5.4.1/../../../../arm-none-eabi/lib/armv7e-m/fpu\libm.a(lib_a-s_sin.o)
 .ARM.attributes
                0x000006a9       0x34 c:/ac6/systemworkbench/plugins/fr.ac6.mcu.externaltools.arm-none.win32_1.13.3.201707031232/tools/compiler/bin/../lib/gcc/arm-none-eabi/5.4.1/../../../../arm-none-eabi/lib/armv7e-m/fpu\libm.a(lib_a-e_rem_pio2.o)
 .ARM.attributes
                0x000006dd       0x34 c:/ac6/systemworkbench/plugins/fr.ac6.mcu.externaltools.arm-none.win32_1.13.3.201707031232/tools/compiler/bin/../lib/gcc/arm-none-eabi/5.4.1/../../../../arm-none-eabi/lib/armv7e-m/fpu\libm.a(lib_a-k_cos.o)
 .ARM.attributes
                0x00000711       0x34 c:/ac6/systemworkbench/plugins/fr.ac6.mcu.externaltools.arm-none.win32_1.13.3.201707031232/tools/compiler/bin/../lib/gcc/arm-none-eabi/5.4.1/../../../../arm-none-eabi/lib/armv7e-m/fpu\libm.a(lib_a-k_rem_pio2.o)
 .ARM.attributes
                0x00000745       0x34 c:/ac6/systemworkbench/plugins/fr.ac6.mcu.externaltools.arm-none.win32_1.13.3.201707031232/tools/compiler/bin/../lib/gcc/arm-none-eabi/5.4.1/../../../../arm-none-eabi/lib/armv7e-m/fpu\libm.a(lib_a-k_sin.o)
 .ARM.attributes
                0x00000779       0x34 c:/ac6/systemworkbench/plugins/fr.ac6.mcu.externaltools.arm-none.win32_1.13.3.201707031232/tools/compiler/bin/../lib/gcc/arm-none-eabi/5.4.1/../../../../arm-none-eabi/lib/armv7e-m/fpu\libm.a(lib_a-s_fabs.o)
 .ARM.attributes
                0x000007ad       0x34 c:/ac6/systemworkbench/plugins/fr.ac6.mcu.externaltools.arm-none.win32_1.13.3.201707031232/tools/compiler/bin/../lib/gcc/arm-none-eabi/5.4.1/../../../../arm-none-eabi/lib/armv7e-m/fpu\libm.a(lib_a-s_floor.o)
 .ARM.attributes
                0x000007e1       0x34 c:/ac6/systemworkbench/plugins/fr.ac6.mcu.externaltools.arm-none.win32_1.13.3.201707031232/tools/compiler/bin/../lib/gcc/arm-none-eabi/5.4.1/../../../../arm-none-eabi/lib/armv7e-m/fpu\libm.a(lib_a-s_scalbn.o)
 .ARM.attributes
                0x00000815       0x34 c:/ac6/systemworkbench/plugins/fr.ac6.mcu.externaltools.arm-none.win32_1.13.3.201707031232/tools/compiler/bin/../lib/gcc/arm-none-eabi/5.4.1/../../../../arm-none-eabi/lib/armv7e-m/fpu\libm.a(lib_a-s_copysign.o)
 .ARM.attributes
                0x00000849       0x22 c:/ac6/systemworkbench/plugins/fr.ac6.mcu.externaltools.arm-none.win32_1.13.3.201707031232/tools/compiler/bin/../lib/gcc/arm-none-eabi/5.4.1/armv7e-m/fpu\libgcc.a(_arm_addsubdf3.o)
 .ARM.attributes
                0x0000086b       0x22 c:/ac6/systemworkbench/plugins/fr.ac6.mcu.externaltools.arm-none.win32_1.13.3.201707031232/tools/compiler/bin/../lib/gcc/arm-none-eabi/5.4.1/armv7e-m/fpu\libgcc.a(_arm_muldivdf3.o)
 .ARM.attributes
                0x0000088d       0x22 c:/ac6/systemworkbench/plugins/fr.ac6.mcu.externaltools.arm-none.win32_1.13.3.201707031232/tools/compiler/bin/../lib/gcc/arm-none-eabi/5.4.1/armv7e-m/fpu\libgcc.a(_arm_cmpdf2.o)
 .ARM.attributes
                0x000008af       0x22 c:/ac6/systemworkbench/plugins/fr.ac6.mcu.externaltools.arm-none.win32_1.13.3.201707031232/tools/compiler/bin/../lib/gcc/arm-none-eabi/5.4.1/armv7e-m/fpu\libgcc.a(_arm_fixdfsi.o)
 .ARM.attributes
                0x000008d1       0x22 c:/ac6/systemworkbench/plugins/fr.ac6.mcu.externaltools.arm-none.win32_1.13.3.201707031232/tools/compiler/bin/../lib/gcc/arm-none-eabi/5.4.1/armv7e-m/fpu\libgcc.a(_arm_truncdfsf2.o)
 .ARM.attributes
                0x000008f3       0x34 c:/ac6/systemworkbench/plugins/fr.ac6.mcu.externaltools.arm-none.win32_1.13.3.201707031232/tools/compiler/bin/../lib/gcc/arm-none-eabi/5.4.1/../../../../arm-none-eabi/lib/armv7e-m/fpu\libc_nano.a(lib_a-init.o)
 .ARM.attributes
                0x00000927       0x22 c:/ac6/systemworkbench/plugins/fr.ac6.mcu.externaltools.arm-none.win32_1.13.3.201707031232/tools/compiler/bin/../lib/gcc/arm-none-eabi/5.4.1/armv7e-m/fpu/crtn.o
OUTPUT(microkomop.elf elf32-littlearm)

.debug_info     0x00000000    0x19d1d
 .debug_info    0x00000000      0x670 Drivers/STM32F3xx_HAL_Driver/Src/stm32f3xx_hal.o
 .debug_info    0x00000670      0xc2d Drivers/STM32F3xx_HAL_Driver/Src/stm32f3xx_hal_cortex.o
 .debug_info    0x0000129d      0x7f8 Drivers/STM32F3xx_HAL_Driver/Src/stm32f3xx_hal_dma.o
 .debug_info    0x00001a95      0x66e Drivers/STM32F3xx_HAL_Driver/Src/stm32f3xx_hal_gpio.o
 .debug_info    0x00002103     0x3148 Drivers/STM32F3xx_HAL_Driver/Src/stm32f3xx_hal_i2c.o
 .debug_info    0x0000524b      0x84f Drivers/STM32F3xx_HAL_Driver/Src/stm32f3xx_hal_i2c_ex.o
 .debug_info    0x00005a9a     0x13a2 Drivers/STM32F3xx_HAL_Driver/Src/stm32f3xx_hal_rcc.o
 .debug_info    0x00006e3c      0x67c Drivers/STM32F3xx_HAL_Driver/Src/stm32f3xx_hal_rcc_ex.o
 .debug_info    0x000074b8     0x1d59 Drivers/STM32F3xx_HAL_Driver/Src/stm32f3xx_hal_spi.o
 .debug_info    0x00009211     0x2dff Drivers/STM32F3xx_HAL_Driver/Src/stm32f3xx_hal_tim.o
 .debug_info    0x0000c010     0x1603 Drivers/STM32F3xx_HAL_Driver/Src/stm32f3xx_hal_tim_ex.o
 .debug_info    0x0000d613     0x1985 Drivers/STM32F3xx_HAL_Driver/Src/stm32f3xx_hal_uart.o
 .debug_info    0x0000ef98      0x8e4 Drivers/STM32F3xx_HAL_Driver/Src/stm32f3xx_hal_uart_ex.o
 .debug_info    0x0000f87c     0x146c Src/MTiControl.o
 .debug_info    0x00010ce8      0x8e0 Src/commsfpga.o
 .debug_info    0x000115c8      0x5e1 Src/gpio.o
 .debug_info    0x00011ba9      0x950 Src/i2c.o
 .debug_info    0x000124f9     0x1be3 Src/main.o
 .debug_info    0x000140dc     0x2142 Src/myNRF24.o
 .debug_info    0x0001621e      0x55d Src/speedcalc.o
 .debug_info    0x0001677b      0x943 Src/spi.o
 .debug_info    0x000170be      0x3ef Src/stm32f3xx_hal_msp.o
 .debug_info    0x000174ad      0xb2d Src/stm32f3xx_it.o
 .debug_info    0x00017fda      0x404 Src/system_stm32f3xx.o
 .debug_info    0x000183de      0xd80 Src/tim.o
 .debug_info    0x0001915e      0xb58 Src/usart.o
 .debug_info    0x00019cb6       0x67 startup/startup_stm32f301x8.o

.debug_abbrev   0x00000000     0x3317
 .debug_abbrev  0x00000000      0x1c1 Drivers/STM32F3xx_HAL_Driver/Src/stm32f3xx_hal.o
 .debug_abbrev  0x000001c1      0x2bd Drivers/STM32F3xx_HAL_Driver/Src/stm32f3xx_hal_cortex.o
 .debug_abbrev  0x0000047e      0x201 Drivers/STM32F3xx_HAL_Driver/Src/stm32f3xx_hal_dma.o
 .debug_abbrev  0x0000067f      0x1cd Drivers/STM32F3xx_HAL_Driver/Src/stm32f3xx_hal_gpio.o
 .debug_abbrev  0x0000084c      0x215 Drivers/STM32F3xx_HAL_Driver/Src/stm32f3xx_hal_i2c.o
 .debug_abbrev  0x00000a61      0x185 Drivers/STM32F3xx_HAL_Driver/Src/stm32f3xx_hal_i2c_ex.o
 .debug_abbrev  0x00000be6      0x283 Drivers/STM32F3xx_HAL_Driver/Src/stm32f3xx_hal_rcc.o
 .debug_abbrev  0x00000e69      0x242 Drivers/STM32F3xx_HAL_Driver/Src/stm32f3xx_hal_rcc_ex.o
 .debug_abbrev  0x000010ab      0x22c Drivers/STM32F3xx_HAL_Driver/Src/stm32f3xx_hal_spi.o
 .debug_abbrev  0x000012d7      0x21b Drivers/STM32F3xx_HAL_Driver/Src/stm32f3xx_hal_tim.o
 .debug_abbrev  0x000014f2      0x21b Drivers/STM32F3xx_HAL_Driver/Src/stm32f3xx_hal_tim_ex.o
 .debug_abbrev  0x0000170d      0x216 Drivers/STM32F3xx_HAL_Driver/Src/stm32f3xx_hal_uart.o
 .debug_abbrev  0x00001923      0x1d3 Drivers/STM32F3xx_HAL_Driver/Src/stm32f3xx_hal_uart_ex.o
 .debug_abbrev  0x00001af6      0x314 Src/MTiControl.o
 .debug_abbrev  0x00001e0a      0x1d6 Src/commsfpga.o
 .debug_abbrev  0x00001fe0      0x151 Src/gpio.o
 .debug_abbrev  0x00002131      0x1b3 Src/i2c.o
 .debug_abbrev  0x000022e4      0x2ee Src/main.o
 .debug_abbrev  0x000025d2      0x2af Src/myNRF24.o
 .debug_abbrev  0x00002881      0x196 Src/speedcalc.o
 .debug_abbrev  0x00002a17      0x1a8 Src/spi.o
 .debug_abbrev  0x00002bbf      0x114 Src/stm32f3xx_hal_msp.o
 .debug_abbrev  0x00002cd3      0x1bd Src/stm32f3xx_it.o
 .debug_abbrev  0x00002e90      0x104 Src/system_stm32f3xx.o
 .debug_abbrev  0x00002f94      0x1c0 Src/tim.o
 .debug_abbrev  0x00003154      0x1b1 Src/usart.o
 .debug_abbrev  0x00003305       0x12 startup/startup_stm32f301x8.o

.debug_loc      0x00000000     0xe78e
 .debug_loc     0x00000000       0x4b Drivers/STM32F3xx_HAL_Driver/Src/stm32f3xx_hal.o
 .debug_loc     0x0000004b      0x527 Drivers/STM32F3xx_HAL_Driver/Src/stm32f3xx_hal_cortex.o
 .debug_loc     0x00000572      0x658 Drivers/STM32F3xx_HAL_Driver/Src/stm32f3xx_hal_dma.o
 .debug_loc     0x00000bca      0x2ff Drivers/STM32F3xx_HAL_Driver/Src/stm32f3xx_hal_gpio.o
 .debug_loc     0x00000ec9     0x33ef Drivers/STM32F3xx_HAL_Driver/Src/stm32f3xx_hal_i2c.o
 .debug_loc     0x000042b8      0x21c Drivers/STM32F3xx_HAL_Driver/Src/stm32f3xx_hal_i2c_ex.o
 .debug_loc     0x000044d4      0x9c6 Drivers/STM32F3xx_HAL_Driver/Src/stm32f3xx_hal_rcc.o
 .debug_loc     0x00004e9a      0x64d Drivers/STM32F3xx_HAL_Driver/Src/stm32f3xx_hal_rcc_ex.o
 .debug_loc     0x000054e7     0x194a Drivers/STM32F3xx_HAL_Driver/Src/stm32f3xx_hal_spi.o
 .debug_loc     0x00006e31     0x3257 Drivers/STM32F3xx_HAL_Driver/Src/stm32f3xx_hal_tim.o
 .debug_loc     0x0000a088     0x16a1 Drivers/STM32F3xx_HAL_Driver/Src/stm32f3xx_hal_tim_ex.o
 .debug_loc     0x0000b729     0x1472 Drivers/STM32F3xx_HAL_Driver/Src/stm32f3xx_hal_uart.o
 .debug_loc     0x0000cb9b      0x2ac Drivers/STM32F3xx_HAL_Driver/Src/stm32f3xx_hal_uart_ex.o
 .debug_loc     0x0000ce47      0x430 Src/MTiControl.o
 .debug_loc     0x0000d277      0x14b Src/commsfpga.o
 .debug_loc     0x0000d3c2       0x4d Src/i2c.o
 .debug_loc     0x0000d40f      0x1ba Src/main.o
 .debug_loc     0x0000d5c9      0xcbc Src/myNRF24.o
 .debug_loc     0x0000e285      0x290 Src/speedcalc.o
 .debug_loc     0x0000e515       0x74 Src/spi.o
 .debug_loc     0x0000e589       0xff Src/system_stm32f3xx.o
 .debug_loc     0x0000e688       0x92 Src/tim.o
 .debug_loc     0x0000e71a       0x74 Src/usart.o

.debug_aranges  0x00000000     0x1358
 .debug_aranges
                0x00000000       0xb0 Drivers/STM32F3xx_HAL_Driver/Src/stm32f3xx_hal.o
 .debug_aranges
                0x000000b0       0x90 Drivers/STM32F3xx_HAL_Driver/Src/stm32f3xx_hal_cortex.o
 .debug_aranges
                0x00000140       0x88 Drivers/STM32F3xx_HAL_Driver/Src/stm32f3xx_hal_dma.o
 .debug_aranges
                0x000001c8       0x58 Drivers/STM32F3xx_HAL_Driver/Src/stm32f3xx_hal_gpio.o
 .debug_aranges
                0x00000220      0x260 Drivers/STM32F3xx_HAL_Driver/Src/stm32f3xx_hal_i2c.o
 .debug_aranges
                0x00000480       0x48 Drivers/STM32F3xx_HAL_Driver/Src/stm32f3xx_hal_i2c_ex.o
 .debug_aranges
                0x000004c8       0x88 Drivers/STM32F3xx_HAL_Driver/Src/stm32f3xx_hal_rcc.o
 .debug_aranges
                0x00000550       0x38 Drivers/STM32F3xx_HAL_Driver/Src/stm32f3xx_hal_rcc_ex.o
 .debug_aranges
                0x00000588      0x1d8 Drivers/STM32F3xx_HAL_Driver/Src/stm32f3xx_hal_spi.o
 .debug_aranges
                0x00000760      0x368 Drivers/STM32F3xx_HAL_Driver/Src/stm32f3xx_hal_tim.o
 .debug_aranges
                0x00000ac8      0x170 Drivers/STM32F3xx_HAL_Driver/Src/stm32f3xx_hal_tim_ex.o
 .debug_aranges
                0x00000c38      0x1f0 Drivers/STM32F3xx_HAL_Driver/Src/stm32f3xx_hal_uart.o
 .debug_aranges
                0x00000e28       0x48 Drivers/STM32F3xx_HAL_Driver/Src/stm32f3xx_hal_uart_ex.o
 .debug_aranges
                0x00000e70       0xb0 Src/MTiControl.o
 .debug_aranges
                0x00000f20       0x48 Src/commsfpga.o
 .debug_aranges
                0x00000f68       0x20 Src/gpio.o
 .debug_aranges
                0x00000f88       0x30 Src/i2c.o
 .debug_aranges
                0x00000fb8       0x60 Src/main.o
 .debug_aranges
                0x00001018      0x170 Src/myNRF24.o
 .debug_aranges
                0x00001188       0x38 Src/speedcalc.o
 .debug_aranges
                0x000011c0       0x38 Src/spi.o
 .debug_aranges
                0x000011f8       0x20 Src/stm32f3xx_hal_msp.o
 .debug_aranges
                0x00001218       0x78 Src/stm32f3xx_it.o
 .debug_aranges
                0x00001290       0x28 Src/system_stm32f3xx.o
 .debug_aranges
                0x000012b8       0x40 Src/tim.o
 .debug_aranges
                0x000012f8       0x38 Src/usart.o
 .debug_aranges
                0x00001330       0x28 startup/startup_stm32f301x8.o

.debug_ranges   0x00000000     0x11f8
 .debug_ranges  0x00000000       0xa0 Drivers/STM32F3xx_HAL_Driver/Src/stm32f3xx_hal.o
 .debug_ranges  0x000000a0       0x80 Drivers/STM32F3xx_HAL_Driver/Src/stm32f3xx_hal_cortex.o
 .debug_ranges  0x00000120       0x78 Drivers/STM32F3xx_HAL_Driver/Src/stm32f3xx_hal_dma.o
 .debug_ranges  0x00000198       0x48 Drivers/STM32F3xx_HAL_Driver/Src/stm32f3xx_hal_gpio.o
 .debug_ranges  0x000001e0      0x250 Drivers/STM32F3xx_HAL_Driver/Src/stm32f3xx_hal_i2c.o
 .debug_ranges  0x00000430       0x38 Drivers/STM32F3xx_HAL_Driver/Src/stm32f3xx_hal_i2c_ex.o
 .debug_ranges  0x00000468       0x90 Drivers/STM32F3xx_HAL_Driver/Src/stm32f3xx_hal_rcc.o
 .debug_ranges  0x000004f8       0x40 Drivers/STM32F3xx_HAL_Driver/Src/stm32f3xx_hal_rcc_ex.o
 .debug_ranges  0x00000538      0x1c8 Drivers/STM32F3xx_HAL_Driver/Src/stm32f3xx_hal_spi.o
 .debug_ranges  0x00000700      0x358 Drivers/STM32F3xx_HAL_Driver/Src/stm32f3xx_hal_tim.o
 .debug_ranges  0x00000a58      0x160 Drivers/STM32F3xx_HAL_Driver/Src/stm32f3xx_hal_tim_ex.o
 .debug_ranges  0x00000bb8      0x1e0 Drivers/STM32F3xx_HAL_Driver/Src/stm32f3xx_hal_uart.o
 .debug_ranges  0x00000d98       0x38 Drivers/STM32F3xx_HAL_Driver/Src/stm32f3xx_hal_uart_ex.o
 .debug_ranges  0x00000dd0       0xb8 Src/MTiControl.o
 .debug_ranges  0x00000e88       0x38 Src/commsfpga.o
 .debug_ranges  0x00000ec0       0x10 Src/gpio.o
 .debug_ranges  0x00000ed0       0x20 Src/i2c.o
 .debug_ranges  0x00000ef0       0x50 Src/main.o
 .debug_ranges  0x00000f40      0x160 Src/myNRF24.o
 .debug_ranges  0x000010a0       0x28 Src/speedcalc.o
 .debug_ranges  0x000010c8       0x28 Src/spi.o
 .debug_ranges  0x000010f0       0x10 Src/stm32f3xx_hal_msp.o
 .debug_ranges  0x00001100       0x68 Src/stm32f3xx_it.o
 .debug_ranges  0x00001168       0x18 Src/system_stm32f3xx.o
 .debug_ranges  0x00001180       0x30 Src/tim.o
 .debug_ranges  0x000011b0       0x28 Src/usart.o
 .debug_ranges  0x000011d8       0x20 startup/startup_stm32f301x8.o

.debug_macro    0x00000000    0x1978b
 .debug_macro   0x00000000      0x34b Drivers/STM32F3xx_HAL_Driver/Src/stm32f3xx_hal.o
 .debug_macro   0x0000034b      0x8a4 Drivers/STM32F3xx_HAL_Driver/Src/stm32f3xx_hal.o
 .debug_macro   0x00000bef       0xa0 Drivers/STM32F3xx_HAL_Driver/Src/stm32f3xx_hal.o
 .debug_macro   0x00000c8f       0xab Drivers/STM32F3xx_HAL_Driver/Src/stm32f3xx_hal.o
 .debug_macro   0x00000d3a       0x31 Drivers/STM32F3xx_HAL_Driver/Src/stm32f3xx_hal.o
 .debug_macro   0x00000d6b       0x28 Drivers/STM32F3xx_HAL_Driver/Src/stm32f3xx_hal.o
 .debug_macro   0x00000d93       0x22 Drivers/STM32F3xx_HAL_Driver/Src/stm32f3xx_hal.o
 .debug_macro   0x00000db5       0x87 Drivers/STM32F3xx_HAL_Driver/Src/stm32f3xx_hal.o
 .debug_macro   0x00000e3c       0x44 Drivers/STM32F3xx_HAL_Driver/Src/stm32f3xx_hal.o
 .debug_macro   0x00000e80       0xfd Drivers/STM32F3xx_HAL_Driver/Src/stm32f3xx_hal.o
 .debug_macro   0x00000f7d       0x5e Drivers/STM32F3xx_HAL_Driver/Src/stm32f3xx_hal.o
 .debug_macro   0x00000fdb      0x1df Drivers/STM32F3xx_HAL_Driver/Src/stm32f3xx_hal.o
 .debug_macro   0x000011ba       0x35 Drivers/STM32F3xx_HAL_Driver/Src/stm32f3xx_hal.o
 .debug_macro   0x000011ef       0x50 Drivers/STM32F3xx_HAL_Driver/Src/stm32f3xx_hal.o
 .debug_macro   0x0000123f      0xd40 Drivers/STM32F3xx_HAL_Driver/Src/stm32f3xx_hal.o
 .debug_macro   0x00001f7f     0xb165 Drivers/STM32F3xx_HAL_Driver/Src/stm32f3xx_hal.o
 .debug_macro   0x0000d0e4       0x43 Drivers/STM32F3xx_HAL_Driver/Src/stm32f3xx_hal.o
 .debug_macro   0x0000d127     0x3439 Drivers/STM32F3xx_HAL_Driver/Src/stm32f3xx_hal.o
 .debug_macro   0x00010560       0x52 Drivers/STM32F3xx_HAL_Driver/Src/stm32f3xx_hal.o
 .debug_macro   0x000105b2       0x35 Drivers/STM32F3xx_HAL_Driver/Src/stm32f3xx_hal.o
 .debug_macro   0x000105e7       0x9c Drivers/STM32F3xx_HAL_Driver/Src/stm32f3xx_hal.o
 .debug_macro   0x00010683       0x16 Drivers/STM32F3xx_HAL_Driver/Src/stm32f3xx_hal.o
 .debug_macro   0x00010699       0x97 Drivers/STM32F3xx_HAL_Driver/Src/stm32f3xx_hal.o
 .debug_macro   0x00010730      0x30d Drivers/STM32F3xx_HAL_Driver/Src/stm32f3xx_hal.o
 .debug_macro   0x00010a3d       0xfd Drivers/STM32F3xx_HAL_Driver/Src/stm32f3xx_hal.o
 .debug_macro   0x00010b3a       0x10 Drivers/STM32F3xx_HAL_Driver/Src/stm32f3xx_hal.o
 .debug_macro   0x00010b4a       0x52 Drivers/STM32F3xx_HAL_Driver/Src/stm32f3xx_hal.o
 .debug_macro   0x00010b9c       0x1f Drivers/STM32F3xx_HAL_Driver/Src/stm32f3xx_hal.o
 .debug_macro   0x00010bbb       0x43 Drivers/STM32F3xx_HAL_Driver/Src/stm32f3xx_hal.o
 .debug_macro   0x00010bfe       0x20 Drivers/STM32F3xx_HAL_Driver/Src/stm32f3xx_hal.o
 .debug_macro   0x00010c1e      0x187 Drivers/STM32F3xx_HAL_Driver/Src/stm32f3xx_hal.o
 .debug_macro   0x00010da5       0x10 Drivers/STM32F3xx_HAL_Driver/Src/stm32f3xx_hal.o
 .debug_macro   0x00010db5       0x1c Drivers/STM32F3xx_HAL_Driver/Src/stm32f3xx_hal.o
 .debug_macro   0x00010dd1       0x52 Drivers/STM32F3xx_HAL_Driver/Src/stm32f3xx_hal.o
 .debug_macro   0x00010e23       0x40 Drivers/STM32F3xx_HAL_Driver/Src/stm32f3xx_hal.o
 .debug_macro   0x00010e63       0x10 Drivers/STM32F3xx_HAL_Driver/Src/stm32f3xx_hal.o
 .debug_macro   0x00010e73       0x40 Drivers/STM32F3xx_HAL_Driver/Src/stm32f3xx_hal.o
 .debug_macro   0x00010eb3       0xd7 Drivers/STM32F3xx_HAL_Driver/Src/stm32f3xx_hal.o
 .debug_macro   0x00010f8a       0x16 Drivers/STM32F3xx_HAL_Driver/Src/stm32f3xx_hal.o
 .debug_macro   0x00010fa0      0x18b Drivers/STM32F3xx_HAL_Driver/Src/stm32f3xx_hal.o
 .debug_macro   0x0001112b       0x49 Drivers/STM32F3xx_HAL_Driver/Src/stm32f3xx_hal.o
 .debug_macro   0x00011174      0x900 Drivers/STM32F3xx_HAL_Driver/Src/stm32f3xx_hal.o
 .debug_macro   0x00011a74      0x39d Drivers/STM32F3xx_HAL_Driver/Src/stm32f3xx_hal.o
 .debug_macro   0x00011e11      0x13a Drivers/STM32F3xx_HAL_Driver/Src/stm32f3xx_hal.o
 .debug_macro   0x00011f4b      0x153 Drivers/STM32F3xx_HAL_Driver/Src/stm32f3xx_hal.o
 .debug_macro   0x0001209e      0x1bc Drivers/STM32F3xx_HAL_Driver/Src/stm32f3xx_hal.o
 .debug_macro   0x0001225a       0x34 Drivers/STM32F3xx_HAL_Driver/Src/stm32f3xx_hal.o
 .debug_macro   0x0001228e       0x3c Drivers/STM32F3xx_HAL_Driver/Src/stm32f3xx_hal.o
 .debug_macro   0x000122ca       0x57 Drivers/STM32F3xx_HAL_Driver/Src/stm32f3xx_hal.o
 .debug_macro   0x00012321       0xcb Drivers/STM32F3xx_HAL_Driver/Src/stm32f3xx_hal.o
 .debug_macro   0x000123ec      0x1a0 Drivers/STM32F3xx_HAL_Driver/Src/stm32f3xx_hal.o
 .debug_macro   0x0001258c      0x202 Drivers/STM32F3xx_HAL_Driver/Src/stm32f3xx_hal.o
 .debug_macro   0x0001278e       0x5b Drivers/STM32F3xx_HAL_Driver/Src/stm32f3xx_hal.o
 .debug_macro   0x000127e9       0x90 Drivers/STM32F3xx_HAL_Driver/Src/stm32f3xx_hal.o
 .debug_macro   0x00012879       0x82 Drivers/STM32F3xx_HAL_Driver/Src/stm32f3xx_hal.o
 .debug_macro   0x000128fb       0xd4 Drivers/STM32F3xx_HAL_Driver/Src/stm32f3xx_hal.o
 .debug_macro   0x000129cf      0x2e9 Drivers/STM32F3xx_HAL_Driver/Src/stm32f3xx_hal.o
 .debug_macro   0x00012cb8      0x6a1 Drivers/STM32F3xx_HAL_Driver/Src/stm32f3xx_hal.o
 .debug_macro   0x00013359      0x328 Drivers/STM32F3xx_HAL_Driver/Src/stm32f3xx_hal.o
 .debug_macro   0x00013681      0x566 Drivers/STM32F3xx_HAL_Driver/Src/stm32f3xx_hal.o
 .debug_macro   0x00013be7       0x31 Drivers/STM32F3xx_HAL_Driver/Src/stm32f3xx_hal.o
 .debug_macro   0x00013c18      0x1d4 Drivers/STM32F3xx_HAL_Driver/Src/stm32f3xx_hal.o
 .debug_macro   0x00013dec      0x327 Drivers/STM32F3xx_HAL_Driver/Src/stm32f3xx_hal_cortex.o
 .debug_macro   0x00014113      0x327 Drivers/STM32F3xx_HAL_Driver/Src/stm32f3xx_hal_dma.o
 .debug_macro   0x0001443a      0x35f Drivers/STM32F3xx_HAL_Driver/Src/stm32f3xx_hal_gpio.o
 .debug_macro   0x00014799      0x3f3 Drivers/STM32F3xx_HAL_Driver/Src/stm32f3xx_hal_i2c.o
 .debug_macro   0x00014b8c      0x327 Drivers/STM32F3xx_HAL_Driver/Src/stm32f3xx_hal_i2c_ex.o
 .debug_macro   0x00014eb3      0x34b Drivers/STM32F3xx_HAL_Driver/Src/stm32f3xx_hal_rcc.o
 .debug_macro   0x000151fe      0x327 Drivers/STM32F3xx_HAL_Driver/Src/stm32f3xx_hal_rcc_ex.o
 .debug_macro   0x00015525      0x32f Drivers/STM32F3xx_HAL_Driver/Src/stm32f3xx_hal_spi.o
 .debug_macro   0x00015854      0x328 Drivers/STM32F3xx_HAL_Driver/Src/stm32f3xx_hal_tim.o
 .debug_macro   0x00015b7c      0x333 Drivers/STM32F3xx_HAL_Driver/Src/stm32f3xx_hal_tim_ex.o
 .debug_macro   0x00015eaf      0x32f Drivers/STM32F3xx_HAL_Driver/Src/stm32f3xx_hal_uart.o
 .debug_macro   0x000161de      0x327 Drivers/STM32F3xx_HAL_Driver/Src/stm32f3xx_hal_uart_ex.o
 .debug_macro   0x00016505      0x3ca Src/MTiControl.o
 .debug_macro   0x000168cf       0x4c Src/MTiControl.o
 .debug_macro   0x0001691b       0x8d Src/MTiControl.o
 .debug_macro   0x000169a8       0x16 Src/MTiControl.o
 .debug_macro   0x000169be      0x10e Src/MTiControl.o
 .debug_macro   0x00016acc       0x8d Src/MTiControl.o
 .debug_macro   0x00016b59       0x4a Src/MTiControl.o
 .debug_macro   0x00016ba3       0x16 Src/MTiControl.o
 .debug_macro   0x00016bb9       0x29 Src/MTiControl.o
 .debug_macro   0x00016be2       0xb1 Src/MTiControl.o
 .debug_macro   0x00016c93       0x1c Src/MTiControl.o
 .debug_macro   0x00016caf       0x35 Src/MTiControl.o
 .debug_macro   0x00016ce4       0x22 Src/MTiControl.o
 .debug_macro   0x00016d06       0x22 Src/MTiControl.o
 .debug_macro   0x00016d28       0x10 Src/MTiControl.o
 .debug_macro   0x00016d38       0x16 Src/MTiControl.o
 .debug_macro   0x00016d4e       0x1c Src/MTiControl.o
 .debug_macro   0x00016d6a      0x387 Src/commsfpga.o
 .debug_macro   0x000170f1       0x10 Src/commsfpga.o
 .debug_macro   0x00017101      0x331 Src/gpio.o
 .debug_macro   0x00017432      0x33b Src/i2c.o
 .debug_macro   0x0001776d      0x413 Src/main.o
 .debug_macro   0x00017b80      0x365 Src/myNRF24.o
 .debug_macro   0x00017ee5      0x399 Src/speedcalc.o
 .debug_macro   0x0001827e      0x1e1 Src/speedcalc.o
 .debug_macro   0x0001845f      0x33b Src/spi.o
 .debug_macro   0x0001879a      0x327 Src/stm32f3xx_hal_msp.o
 .debug_macro   0x00018ac1      0x331 Src/stm32f3xx_it.o
 .debug_macro   0x00018df2      0x32d Src/system_stm32f3xx.o
 .debug_macro   0x0001911f      0x331 Src/tim.o
 .debug_macro   0x00019450      0x33b Src/usart.o

.debug_line     0x00000000    0x12220
 .debug_line    0x00000000      0x914 Drivers/STM32F3xx_HAL_Driver/Src/stm32f3xx_hal.o
 .debug_line    0x00000914      0x95c Drivers/STM32F3xx_HAL_Driver/Src/stm32f3xx_hal_cortex.o
 .debug_line    0x00001270      0x9f4 Drivers/STM32F3xx_HAL_Driver/Src/stm32f3xx_hal_dma.o
 .debug_line    0x00001c64      0x8fd Drivers/STM32F3xx_HAL_Driver/Src/stm32f3xx_hal_gpio.o
 .debug_line    0x00002561     0x1828 Drivers/STM32F3xx_HAL_Driver/Src/stm32f3xx_hal_i2c.o
 .debug_line    0x00003d89      0x909 Drivers/STM32F3xx_HAL_Driver/Src/stm32f3xx_hal_i2c_ex.o
 .debug_line    0x00004692      0xc7d Drivers/STM32F3xx_HAL_Driver/Src/stm32f3xx_hal_rcc.o
 .debug_line    0x0000530f      0x9c4 Drivers/STM32F3xx_HAL_Driver/Src/stm32f3xx_hal_rcc_ex.o
 .debug_line    0x00005cd3     0x121a Drivers/STM32F3xx_HAL_Driver/Src/stm32f3xx_hal_spi.o
 .debug_line    0x00006eed     0x1815 Drivers/STM32F3xx_HAL_Driver/Src/stm32f3xx_hal_tim.o
 .debug_line    0x00008702      0xecc Drivers/STM32F3xx_HAL_Driver/Src/stm32f3xx_hal_tim_ex.o
 .debug_line    0x000095ce     0x1190 Drivers/STM32F3xx_HAL_Driver/Src/stm32f3xx_hal_uart.o
 .debug_line    0x0000a75e      0x8c5 Drivers/STM32F3xx_HAL_Driver/Src/stm32f3xx_hal_uart_ex.o
 .debug_line    0x0000b023      0xa8c Src/MTiControl.o
 .debug_line    0x0000baaf      0x8df Src/commsfpga.o
 .debug_line    0x0000c38e      0x7d4 Src/gpio.o
 .debug_line    0x0000cb62      0x7f5 Src/i2c.o
 .debug_line    0x0000d357      0x998 Src/main.o
 .debug_line    0x0000dcef      0xbdb Src/myNRF24.o
 .debug_line    0x0000e8ca      0x858 Src/speedcalc.o
 .debug_line    0x0000f122      0x81e Src/spi.o
 .debug_line    0x0000f940      0x7bc Src/stm32f3xx_hal_msp.o
 .debug_line    0x000100fc      0x87b Src/stm32f3xx_it.o
 .debug_line    0x00010977      0x7de Src/system_stm32f3xx.o
 .debug_line    0x00011155      0x82f Src/tim.o
 .debug_line    0x00011984      0x81d Src/usart.o
 .debug_line    0x000121a1       0x7f startup/startup_stm32f301x8.o

.debug_str      0x00000000    0x86a11
 .debug_str     0x00000000    0x801de Drivers/STM32F3xx_HAL_Driver/Src/stm32f3xx_hal.o
                              0x805db (size before relaxing)
 .debug_str     0x000801de      0x2cf Drivers/STM32F3xx_HAL_Driver/Src/stm32f3xx_hal_cortex.o
                              0x805d1 (size before relaxing)
 .debug_str     0x000804ad      0x3ea Drivers/STM32F3xx_HAL_Driver/Src/stm32f3xx_hal_dma.o
                              0x8033d (size before relaxing)
 .debug_str     0x00080897      0x2ae Drivers/STM32F3xx_HAL_Driver/Src/stm32f3xx_hal_gpio.o
                              0x8022c (size before relaxing)
 .debug_str     0x00080b45      0xfbc Drivers/STM32F3xx_HAL_Driver/Src/stm32f3xx_hal_i2c.o
                              0x8115b (size before relaxing)
 .debug_str     0x00081b01       0xb8 Drivers/STM32F3xx_HAL_Driver/Src/stm32f3xx_hal_i2c_ex.o
                              0x80509 (size before relaxing)
 .debug_str     0x00081bb9      0x402 Drivers/STM32F3xx_HAL_Driver/Src/stm32f3xx_hal_rcc.o
                              0x8046b (size before relaxing)
 .debug_str     0x00081fbb      0x1f2 Drivers/STM32F3xx_HAL_Driver/Src/stm32f3xx_hal_rcc_ex.o
                              0x80207 (size before relaxing)
 .debug_str     0x000821ad      0x725 Drivers/STM32F3xx_HAL_Driver/Src/stm32f3xx_hal_spi.o
                              0x808b6 (size before relaxing)
 .debug_str     0x000828d2      0xe8f Drivers/STM32F3xx_HAL_Driver/Src/stm32f3xx_hal_tim.o
                              0x8106d (size before relaxing)
 .debug_str     0x00083761      0x5ad Drivers/STM32F3xx_HAL_Driver/Src/stm32f3xx_hal_tim_ex.o
                              0x80b17 (size before relaxing)
 .debug_str     0x00083d0e      0x902 Drivers/STM32F3xx_HAL_Driver/Src/stm32f3xx_hal_uart.o
                              0x80bd5 (size before relaxing)
 .debug_str     0x00084610       0xed Drivers/STM32F3xx_HAL_Driver/Src/stm32f3xx_hal_uart_ex.o
                              0x80560 (size before relaxing)
 .debug_str     0x000846fd      0xeae Src/MTiControl.o
                              0x81300 (size before relaxing)
 .debug_str     0x000855ab      0x147 Src/commsfpga.o
                              0x80528 (size before relaxing)
 .debug_str     0x000856f2       0x2b Src/gpio.o
                              0x802de (size before relaxing)
 .debug_str     0x0008571d       0x42 Src/i2c.o
                              0x8050d (size before relaxing)
 .debug_str     0x0008575f      0x46a Src/main.o
                              0x81a95 (size before relaxing)
 .debug_str     0x00085bc9      0x294 Src/myNRF24.o
                              0x807a5 (size before relaxing)
 .debug_str     0x00085e5d      0x9dc Src/speedcalc.o
                              0x80a74 (size before relaxing)
 .debug_str     0x00086839        0xd Src/spi.o
                              0x8042f (size before relaxing)
 .debug_str     0x00086846       0x1b Src/stm32f3xx_hal_msp.o
                              0x8022d (size before relaxing)
 .debug_str     0x00086861       0xee Src/stm32f3xx_it.o
                              0x806fc (size before relaxing)
 .debug_str     0x0008694f       0x64 Src/system_stm32f3xx.o
                              0x80004 (size before relaxing)
 .debug_str     0x000869b3       0x44 Src/tim.o
                              0x808d8 (size before relaxing)
 .debug_str     0x000869f7       0x1a Src/usart.o
                              0x807e0 (size before relaxing)

.comment        0x00000000       0x6e
 .comment       0x00000000       0x6e Drivers/STM32F3xx_HAL_Driver/Src/stm32f3xx_hal.o
                                 0x6f (size before relaxing)
 .comment       0x0000006e       0x6f Drivers/STM32F3xx_HAL_Driver/Src/stm32f3xx_hal_cortex.o
 .comment       0x0000006e       0x6f Drivers/STM32F3xx_HAL_Driver/Src/stm32f3xx_hal_dma.o
 .comment       0x0000006e       0x6f Drivers/STM32F3xx_HAL_Driver/Src/stm32f3xx_hal_gpio.o
 .comment       0x0000006e       0x6f Drivers/STM32F3xx_HAL_Driver/Src/stm32f3xx_hal_i2c.o
 .comment       0x0000006e       0x6f Drivers/STM32F3xx_HAL_Driver/Src/stm32f3xx_hal_i2c_ex.o
 .comment       0x0000006e       0x6f Drivers/STM32F3xx_HAL_Driver/Src/stm32f3xx_hal_rcc.o
 .comment       0x0000006e       0x6f Drivers/STM32F3xx_HAL_Driver/Src/stm32f3xx_hal_rcc_ex.o
 .comment       0x0000006e       0x6f Drivers/STM32F3xx_HAL_Driver/Src/stm32f3xx_hal_spi.o
 .comment       0x0000006e       0x6f Drivers/STM32F3xx_HAL_Driver/Src/stm32f3xx_hal_tim.o
 .comment       0x0000006e       0x6f Drivers/STM32F3xx_HAL_Driver/Src/stm32f3xx_hal_tim_ex.o
 .comment       0x0000006e       0x6f Drivers/STM32F3xx_HAL_Driver/Src/stm32f3xx_hal_uart.o
 .comment       0x0000006e       0x6f Drivers/STM32F3xx_HAL_Driver/Src/stm32f3xx_hal_uart_ex.o
 .comment       0x0000006e       0x6f Src/MTiControl.o
 .comment       0x0000006e       0x6f Src/commsfpga.o
 .comment       0x0000006e       0x6f Src/gpio.o
 .comment       0x0000006e       0x6f Src/i2c.o
 .comment       0x0000006e       0x6f Src/main.o
 .comment       0x0000006e       0x6f Src/myNRF24.o
 .comment       0x0000006e       0x6f Src/speedcalc.o
 .comment       0x0000006e       0x6f Src/spi.o
 .comment       0x0000006e       0x6f Src/stm32f3xx_hal_msp.o
 .comment       0x0000006e       0x6f Src/stm32f3xx_it.o
 .comment       0x0000006e       0x6f Src/system_stm32f3xx.o
 .comment       0x0000006e       0x6f Src/tim.o
 .comment       0x0000006e       0x6f Src/usart.o

.debug_frame    0x00000000     0x3848
 .debug_frame   0x00000000      0x168 Drivers/STM32F3xx_HAL_Driver/Src/stm32f3xx_hal.o
 .debug_frame   0x00000168      0x124 Drivers/STM32F3xx_HAL_Driver/Src/stm32f3xx_hal_cortex.o
 .debug_frame   0x0000028c      0x160 Drivers/STM32F3xx_HAL_Driver/Src/stm32f3xx_hal_dma.o
 .debug_frame   0x000003ec       0xc4 Drivers/STM32F3xx_HAL_Driver/Src/stm32f3xx_hal_gpio.o
 .debug_frame   0x000004b0      0x81c Drivers/STM32F3xx_HAL_Driver/Src/stm32f3xx_hal_i2c.o
 .debug_frame   0x00000ccc       0x80 Drivers/STM32F3xx_HAL_Driver/Src/stm32f3xx_hal_i2c_ex.o
 .debug_frame   0x00000d4c      0x150 Drivers/STM32F3xx_HAL_Driver/Src/stm32f3xx_hal_rcc.o
 .debug_frame   0x00000e9c       0x7c Drivers/STM32F3xx_HAL_Driver/Src/stm32f3xx_hal_rcc_ex.o
 .debug_frame   0x00000f18      0x5a4 Drivers/STM32F3xx_HAL_Driver/Src/stm32f3xx_hal_spi.o
 .debug_frame   0x000014bc      0x9cc Drivers/STM32F3xx_HAL_Driver/Src/stm32f3xx_hal_tim.o
 .debug_frame   0x00001e88      0x47c Drivers/STM32F3xx_HAL_Driver/Src/stm32f3xx_hal_tim_ex.o
 .debug_frame   0x00002304      0x578 Drivers/STM32F3xx_HAL_Driver/Src/stm32f3xx_hal_uart.o
 .debug_frame   0x0000287c       0xb4 Drivers/STM32F3xx_HAL_Driver/Src/stm32f3xx_hal_uart_ex.o
 .debug_frame   0x00002930      0x1e0 Src/MTiControl.o
 .debug_frame   0x00002b10       0xac Src/commsfpga.o
 .debug_frame   0x00002bbc       0x38 Src/gpio.o
 .debug_frame   0x00002bf4       0x60 Src/i2c.o
 .debug_frame   0x00002c54      0x104 Src/main.o
 .debug_frame   0x00002d58      0x4ac Src/myNRF24.o
 .debug_frame   0x00003204       0xcc Src/speedcalc.o
 .debug_frame   0x000032d0       0x74 Src/spi.o
 .debug_frame   0x00003344       0x2c Src/stm32f3xx_hal_msp.o
 .debug_frame   0x00003370       0xf0 Src/stm32f3xx_it.o
 .debug_frame   0x00003460       0x30 Src/system_stm32f3xx.o
 .debug_frame   0x00003490       0x9c Src/tim.o
 .debug_frame   0x0000352c       0x74 Src/usart.o
 .debug_frame   0x000035a0       0x3c c:/ac6/systemworkbench/plugins/fr.ac6.mcu.externaltools.arm-none.win32_1.13.3.201707031232/tools/compiler/bin/../lib/gcc/arm-none-eabi/5.4.1/../../../../arm-none-eabi/lib/armv7e-m/fpu\libm.a(lib_a-s_cos.o)
 .debug_frame   0x000035dc       0x3c c:/ac6/systemworkbench/plugins/fr.ac6.mcu.externaltools.arm-none.win32_1.13.3.201707031232/tools/compiler/bin/../lib/gcc/arm-none-eabi/5.4.1/../../../../arm-none-eabi/lib/armv7e-m/fpu\libm.a(lib_a-s_sin.o)
 .debug_frame   0x00003618       0x48 c:/ac6/systemworkbench/plugins/fr.ac6.mcu.externaltools.arm-none.win32_1.13.3.201707031232/tools/compiler/bin/../lib/gcc/arm-none-eabi/5.4.1/../../../../arm-none-eabi/lib/armv7e-m/fpu\libm.a(lib_a-e_rem_pio2.o)
 .debug_frame   0x00003660       0x68 c:/ac6/systemworkbench/plugins/fr.ac6.mcu.externaltools.arm-none.win32_1.13.3.201707031232/tools/compiler/bin/../lib/gcc/arm-none-eabi/5.4.1/../../../../arm-none-eabi/lib/armv7e-m/fpu\libm.a(lib_a-k_cos.o)
 .debug_frame   0x000036c8       0x50 c:/ac6/systemworkbench/plugins/fr.ac6.mcu.externaltools.arm-none.win32_1.13.3.201707031232/tools/compiler/bin/../lib/gcc/arm-none-eabi/5.4.1/../../../../arm-none-eabi/lib/armv7e-m/fpu\libm.a(lib_a-k_rem_pio2.o)
 .debug_frame   0x00003718       0x68 c:/ac6/systemworkbench/plugins/fr.ac6.mcu.externaltools.arm-none.win32_1.13.3.201707031232/tools/compiler/bin/../lib/gcc/arm-none-eabi/5.4.1/../../../../arm-none-eabi/lib/armv7e-m/fpu\libm.a(lib_a-k_sin.o)
 .debug_frame   0x00003780       0x20 c:/ac6/systemworkbench/plugins/fr.ac6.mcu.externaltools.arm-none.win32_1.13.3.201707031232/tools/compiler/bin/../lib/gcc/arm-none-eabi/5.4.1/../../../../arm-none-eabi/lib/armv7e-m/fpu\libm.a(lib_a-s_fabs.o)
 .debug_frame   0x000037a0       0x30 c:/ac6/systemworkbench/plugins/fr.ac6.mcu.externaltools.arm-none.win32_1.13.3.201707031232/tools/compiler/bin/../lib/gcc/arm-none-eabi/5.4.1/../../../../arm-none-eabi/lib/armv7e-m/fpu\libm.a(lib_a-s_floor.o)
 .debug_frame   0x000037d0       0x2c c:/ac6/systemworkbench/plugins/fr.ac6.mcu.externaltools.arm-none.win32_1.13.3.201707031232/tools/compiler/bin/../lib/gcc/arm-none-eabi/5.4.1/../../../../arm-none-eabi/lib/armv7e-m/fpu\libm.a(lib_a-s_scalbn.o)
 .debug_frame   0x000037fc       0x20 c:/ac6/systemworkbench/plugins/fr.ac6.mcu.externaltools.arm-none.win32_1.13.3.201707031232/tools/compiler/bin/../lib/gcc/arm-none-eabi/5.4.1/../../../../arm-none-eabi/lib/armv7e-m/fpu\libm.a(lib_a-s_copysign.o)
 .debug_frame   0x0000381c       0x2c c:/ac6/systemworkbench/plugins/fr.ac6.mcu.externaltools.arm-none.win32_1.13.3.201707031232/tools/compiler/bin/../lib/gcc/arm-none-eabi/5.4.1/../../../../arm-none-eabi/lib/armv7e-m/fpu\libc_nano.a(lib_a-init.o)
